<html>
<body>
<pre>
<h1>µVision Build Log</h1>
<h2>Tool Versions:</h2>
IDE-Version: ¦ÌVision V5.20.0.0
Copyright (C) 2016 ARM Ltd and ARM Germany GmbH. All rights reserved.
License Information: 1 1, 1, LIC=FYKWF-63T69-Z86FH-W1RGM-U5XIU-9UT4S
 
Tool Versions:
Toolchain:       MDK-ARM Plus  Version: 5.20
Toolchain Path:  d:\Keil_v5\ARM\ARMCC\Bin
C Compiler:      Armcc.exe V5.06 update 2 (build 183)
Assembler:       Armasm.exe V5.06 update 2 (build 183)
Linker/Locator:  ArmLink.exe V5.06 update 2 (build 183)
Library Manager: ArmAr.exe V5.06 update 2 (build 183)
Hex Converter:   FromElf.exe V5.06 update 2 (build 183)
CPU DLL:         SARMCM3.DLL V5.20
Dialog DLL:      DCM.DLL V1.13.7.0
Target DLL:      STLink\ST-LINKIII-KEIL_SWO.dll V2.0.18.0
Dialog DLL:      TCM.DLL V1.14.9.0
 
<h2>Project:</h2>
D:\·É¿Ø\OLDX_FC2.0\BLDC\USER\STM32-DEMO.uvprojx
Project File Date:  10/24/2017

<h2>Output:</h2>
*** Using Compiler 'V5.06 update 2 (build 183)', folder: 'd:\Keil_v5\ARM\ARMCC\Bin'
Build target 'USART1-DEMO'
assembling startup_stm32f10x_hd.s...
compiling main.c...
compiling stm32f10x_it.c...
compiling usart1.c...
compiling stm32f10x_gpio.c...
compiling stm32f10x_usart.c...
compiling stm32f10x_rcc.c...
compiling stm32f10x_bkp.c...
compiling misc.c...
compiling stm32f10x_adc.c...
compiling stm32f10x_crc.c...
compiling stm32f10x_cec.c...
compiling stm32f10x_can.c...
compiling stm32f10x_dac.c...
compiling stm32f10x_dbgmcu.c...
compiling stm32f10x_dma.c...
compiling stm32f10x_exti.c...
compiling stm32f10x_fsmc.c...
compiling stm32f10x_flash.c...
compiling stm32f10x_i2c.c...
compiling stm32f10x_iwdg.c...
compiling stm32f10x_rtc.c...
compiling stm32f10x_pwr.c...
compiling stm32f10x_sdio.c...
compiling stm32f10x_tim.c...
compiling stm32f10x_spi.c...
compiling core_cm3.c...
compiling stm32f10x_wwdg.c...
compiling system_stm32f10x.c...
compiling pid.c...
compiling config.c...
compiling computeMotorCommands.c...
compiling fastTrig.c...
compiling firstOrderFilter.c...
compiling evvgcCF.c...
compiling stm32_it.c...
compiling pointingCommands.c...
compiling MargAHRS.c...
compiling drv_cli.c...
..\SRC\drv\drv_cli.c(43): warning:  #550-D: variable "USBCallBackCalled" was set but never used
  static int USBCallBackCalled = 0;
..\SRC\drv\drv_cli.c: 1 warning, 0 errors
compiling drv_gpio.c...
compiling utilities.c...
compiling drv_i2c.c...
compiling drv_irq.c...
compiling drv_system.c...
..\SRC\drv\drv_system.c(206): warning:  #3731-D: intrinsic is deprecated
          timeMs = 
_LDREXW(&sysTickUptime);
..\SRC\drv\drv_system.c(210): warning:  #3731-D: intrinsic is deprecated
      while (
_STREXW(timeMs , &sysTickUptime));
..\SRC\drv\drv_system.c(308): warning:  #870-D: invalid multibyte character sequence
      cliPrintF("%s", 
_BGC32_VERSION_EH);
..\SRC\drv\drv_system.c: 3 warnings, 0 errors
compiling drv_rc.c...
..\SRC\drv\drv_rc.c(375): warning:  #1-D: last line of file ends without a newline
  }
..\SRC\drv\drv_rc.c: 1 warning, 0 errors
compiling drv_pwmMotors.c...
..\SRC\drv\drv_pwmMotors.c(348): warning:  #177-D: function "timerPWMgeneralConfig" was declared but never referenced
  static void timerPWMgeneralConfig(TIM_TypeDef *tim, int polarity)
..\SRC\drv\drv_pwmMotors.c: 1 warning, 0 errors
compiling drv_timingFunctions.c...
compiling drv_usart.c...
compiling ringbuffer.c...
compiling hmc5883.c...
compiling mpu6050.c...
compiling cli.c...
compiling cliSensor.c...
compiling mpu6050Calibration.c...
compiling hw_config.c...
compiling magCalibration.c...
compiling usb_desc.c...
compiling usb_prop.c...
compiling usb_endp.c...
compiling usb_istr.c...
compiling usb_init.c...
compiling usb_core.c...
compiling usb_pwr.c...
compiling usb_mem.c...
compiling usb_regs.c...
compiling usb_int.c...
compiling usb_sil.c...
linking...
Program Size: Code=43548 RO-data=836 RW-data=860 ZI-data=8260  
FromELF: creating hex file...
"..\Output\STM32-DEMO.axf" - 0 Error(s), 6 Warning(s).

<h2>Collection of Component include folders:</h2>
  D:\·É¿Ø\OLDX_FC2.0\BLDC\USER\RTE
  d:\Keil_v5\ARM\PACK\Keil\STM32F1xx_DFP\2.1.0\Device\Include

<h2>Collection of Component Files used:</h2>
Build Time Elapsed:  00:00:28
</pre>
</body>
</html>
