Component: ARM Compiler 5.06 update 2 (build 183) Tool: armlink [4d35b7]

==============================================================================

Section Cross References

    startup_stm32f10x_hd.o(RESET) refers to startup_stm32f10x_hd.o(STACK) for __initial_sp
    startup_stm32f10x_hd.o(RESET) refers to startup_stm32f10x_hd.o(.text) for Reset_Handler
    startup_stm32f10x_hd.o(RESET) refers to stm32_it.o(.text) for NMI_Handler
    startup_stm32f10x_hd.o(RESET) refers to drv_system.o(.text) for SysTick_Handler
    startup_stm32f10x_hd.o(RESET) refers to drv_rc.o(.text) for EXTI0_IRQHandler
    startup_stm32f10x_hd.o(RESET) refers to drv_pwmmotors.o(.text) for TIM2_IRQHandler
    startup_stm32f10x_hd.o(RESET) refers to drv_i2c.o(.text) for I2C1_EV_IRQHandler
    startup_stm32f10x_hd.o(RESET) refers to drv_usart.o(.text) for UART4_IRQHandler
    startup_stm32f10x_hd.o(.text) refers to system_stm32f10x.o(.text) for SystemInit
    startup_stm32f10x_hd.o(.text) refers to entry.o(.ARM.Collect$$$$00000000) for __main
    main.o(.text) refers to drv_system.o(.text) for systemInit
    main.o(.text) refers to evvgccf.o(.text) for initOrientation
    main.o(.text) refers to pointingcommands.o(.text) for processPointingCommands
    main.o(.text) refers to drv_usart.o(.text) for Send_BLDC
    main.o(.text) refers to f2d.o(.text) for __aeabi_f2d
    main.o(.text) refers to dmul.o(.text) for __aeabi_dmul
    main.o(.text) refers to drv_rc.o(.text) for Get_Adc
    main.o(.text) refers to dfltui.o(.text) for __aeabi_ui2d
    main.o(.text) refers to d2f.o(.text) for __aeabi_d2f
    main.o(.text) refers to firstorderfilter.o(.text) for Moving_Median
    main.o(.text) refers to dadd.o(.text) for __aeabi_dadd
    main.o(.text) refers to ddiv.o(.text) for __aeabi_ddiv
    main.o(.text) refers to cdcmple.o(.text) for __aeabi_cdcmple
    main.o(.text) refers to cdrcmple.o(.text) for __aeabi_cdrcmple
    main.o(.text) refers to cli.o(.text) for cliCom
    main.o(.text) refers to sin.o(i.sin) for sin
    main.o(.text) refers to cfrcmple.o(.text) for __aeabi_cfrcmple
    main.o(.text) refers to stm32f10x_tim.o(.text) for TIM_Cmd
    main.o(.text) refers to ffltui.o(.text) for __aeabi_ui2f
    main.o(.text) refers to fmul.o(.text) for __aeabi_fmul
    main.o(.text) refers to fflti.o(.text) for __aeabi_i2f
    main.o(.text) refers to fadd.o(.text) for __aeabi_fsub
    main.o(.text) refers to drv_system.o(.data) for systemReady
    main.o(.text) refers to main.o(.bss) for eepromConfig
    main.o(.text) refers to drv_usart.o(.bss) for bldc
    main.o(.text) refers to main.o(.data) for bat
    main.o(.text) refers to computemotorcommands.o(.data) for exp_angle
    main.o(.text) refers to mpu6050.o(.data) for accelData500Hz
    main.o(.text) refers to mpu6050.o(.bss) for accelTCBias
    main.o(.text) refers to evvgccf.o(.bss) for accAngleSmooth
    main.o(.text) refers to firstorderfilter.o(.bss) for firstOrderFilters
    main.o(.text) refers to hmc5883.o(.data) for magDataUpdate
    main.o(.text) refers to margahrs.o(.text) for MargAHRSupdate
    main.o(.text) refers to computemotorcommands.o(.text) for computeMotorCommands
    main.o(.text) refers to cfcmple.o(.text) for __aeabi_cfcmpeq
    main.o(.text) refers to stm32f10x_gpio.o(.text) for GPIO_ToggleBits
    main.o(.text) refers to drv_rc.o(.data) for TIM2CH1_CAPTURE_STA
    main.o(.text) refers to computemotorcommands.o(.bss) for spd
    drv_rc.o(.text) refers to stm32f10x_gpio.o(.text) for GPIO_Init
    drv_rc.o(.text) refers to stm32f10x_exti.o(.text) for EXTI_Init
    drv_rc.o(.text) refers to stm32f10x_tim.o(.text) for TIM_TimeBaseInit
    drv_rc.o(.text) refers to stm32f10x_rcc.o(.text) for RCC_APB2PeriphClockCmd
    drv_rc.o(.text) refers to misc.o(.text) for NVIC_Init
    drv_rc.o(.text) refers to drv_system.o(.text) for micros
    drv_rc.o(.text) refers to ffltui.o(.text) for __aeabi_ui2f
    drv_rc.o(.text) refers to ffixui.o(.text) for __aeabi_f2uiz
    drv_rc.o(.text) refers to drv_irq.o(.data) for __irq_nesting_counter
    drv_rc.o(.text) refers to drv_rc.o(.data) for upTime3
    drv_rc.o(.text) refers to drv_rc.o(.bss) for TIM8_ICInitStructure
    drv_rc.o(.text) refers to fflti.o(.text) for __aeabi_i2f
    drv_rc.o(.text) refers to cfcmple.o(.text) for __aeabi_cfcmple
    drv_rc.o(.text) refers to ffixi.o(.text) for __aeabi_f2iz
    drv_rc.o(.text) refers to fdiv.o(.text) for __aeabi_fdiv
    drv_rc.o(.text) refers to fmul.o(.text) for __aeabi_fmul
    drv_rc.o(.text) refers to firstorderfilter.o(.text) for Moving_Median
    drv_rc.o(.text) refers to drv_timingfunctions.o(.text) for Get_Cycle_T
    drv_rc.o(.text) refers to f2d.o(.text) for __aeabi_f2d
    drv_rc.o(.text) refers to ddiv.o(.text) for __aeabi_ddiv
    drv_rc.o(.text) refers to d2f.o(.text) for __aeabi_d2f
    drv_rc.o(.text) refers to fadd.o(.text) for __aeabi_fsub
    drv_rc.o(.text) refers to drv_usart.o(.bss) for bldc
    drv_rc.o(.text) refers to stm32f10x_adc.o(.text) for ADC_DeInit
[...]
    FLASH_EraseOptionBytes                   0x08003bef   Thumb Code   150  stm32f10x_flash.o(.text)
    FLASH_ProgramWord                        0x08003c85   Thumb Code   102  stm32f10x_flash.o(.text)
    FLASH_ProgramHalfWord                    0x08003ceb   Thumb Code    60  stm32f10x_flash.o(.text)
    FLASH_ProgramOptionByteData              0x08003d27   Thumb Code    72  stm32f10x_flash.o(.text)
    FLASH_EnableWriteProtection              0x08003d6f   Thumb Code   200  stm32f10x_flash.o(.text)
    FLASH_ReadOutProtection                  0x08003e37   Thumb Code   156  stm32f10x_flash.o(.text)
    FLASH_UserOptionByteConfig               0x08003ed3   Thumb Code    88  stm32f10x_flash.o(.text)
    FLASH_GetUserOptionByte                  0x08003f2b   Thumb Code     8  stm32f10x_flash.o(.text)
    FLASH_GetWriteProtectionOptionByte       0x08003f33   Thumb Code     6  stm32f10x_flash.o(.text)
    FLASH_GetPrefetchBufferStatus            0x08003f39   Thumb Code    20  stm32f10x_flash.o(.text)
    FLASH_ITConfig                           0x08003f4d   Thumb Code    26  stm32f10x_flash.o(.text)
    FLASH_GetFlagStatus                      0x08003f67   Thumb Code    42  stm32f10x_flash.o(.text)
    FLASH_ClearFlag                          0x08003f91   Thumb Code     6  stm32f10x_flash.o(.text)
    FLASH_GetStatus                          0x08003f97   Thumb Code    48  stm32f10x_flash.o(.text)
    I2C_DeInit                               0x08003fd9   Thumb Code    50  stm32f10x_i2c.o(.text)
    I2C_Init                                 0x0800400b   Thumb Code   222  stm32f10x_i2c.o(.text)
    I2C_StructInit                           0x080040e9   Thumb Code    30  stm32f10x_i2c.o(.text)
    I2C_Cmd                                  0x08004107   Thumb Code    24  stm32f10x_i2c.o(.text)
    I2C_DMACmd                               0x0800411f   Thumb Code    24  stm32f10x_i2c.o(.text)
    I2C_DMALastTransferCmd                   0x08004137   Thumb Code    24  stm32f10x_i2c.o(.text)
    I2C_GenerateSTART                        0x0800414f   Thumb Code    24  stm32f10x_i2c.o(.text)
    I2C_GenerateSTOP                         0x08004167   Thumb Code    24  stm32f10x_i2c.o(.text)
    I2C_AcknowledgeConfig                    0x0800417f   Thumb Code    24  stm32f10x_i2c.o(.text)
    I2C_OwnAddress2Config                    0x08004197   Thumb Code    22  stm32f10x_i2c.o(.text)
    I2C_DualAddressCmd                       0x080041ad   Thumb Code    24  stm32f10x_i2c.o(.text)
    I2C_GeneralCallCmd                       0x080041c5   Thumb Code    24  stm32f10x_i2c.o(.text)
    I2C_ITConfig                             0x080041dd   Thumb Code    18  stm32f10x_i2c.o(.text)
    I2C_SendData                             0x080041ef   Thumb Code     4  stm32f10x_i2c.o(.text)
    I2C_ReceiveData                          0x080041f3   Thumb Code     8  stm32f10x_i2c.o(.text)
    I2C_Send7bitAddress                      0x080041fb   Thumb Code    18  stm32f10x_i2c.o(.text)
    I2C_ReadRegister                         0x0800420d   Thumb Code    22  stm32f10x_i2c.o(.text)
    I2C_SoftwareResetCmd                     0x08004223   Thumb Code    22  stm32f10x_i2c.o(.text)
    I2C_NACKPositionConfig                   0x08004239   Thumb Code    28  stm32f10x_i2c.o(.text)
    I2C_SMBusAlertConfig                     0x08004255   Thumb Code    28  stm32f10x_i2c.o(.text)
    I2C_TransmitPEC                          0x08004271   Thumb Code    24  stm32f10x_i2c.o(.text)
    I2C_PECPositionConfig                    0x08004289   Thumb Code    28  stm32f10x_i2c.o(.text)
    I2C_CalculatePEC                         0x080042a5   Thumb Code    24  stm32f10x_i2c.o(.text)
    I2C_GetPEC                               0x080042bd   Thumb Code     8  stm32f10x_i2c.o(.text)
    I2C_ARPCmd                               0x080042c5   Thumb Code    24  stm32f10x_i2c.o(.text)
    I2C_StretchClockCmd                      0x080042dd   Thumb Code    24  stm32f10x_i2c.o(.text)
    I2C_FastModeDutyCycleConfig              0x080042f5   Thumb Code    28  stm32f10x_i2c.o(.text)
    I2C_CheckEvent                           0x08004311   Thumb Code    42  stm32f10x_i2c.o(.text)
    I2C_GetLastEvent                         0x0800433b   Thumb Code    26  stm32f10x_i2c.o(.text)
    I2C_GetFlagStatus                        0x08004355   Thumb Code    58  stm32f10x_i2c.o(.text)
    I2C_ClearFlag                            0x0800438f   Thumb Code    12  stm32f10x_i2c.o(.text)
    I2C_GetITStatus                          0x0800439b   Thumb Code    54  stm32f10x_i2c.o(.text)
    I2C_ClearITPendingBit                    0x080043d1   Thumb Code    12  stm32f10x_i2c.o(.text)
    TIM_DeInit                               0x080043dd   Thumb Code   424  stm32f10x_tim.o(.text)
    TIM_TimeBaseInit                         0x08004585   Thumb Code   122  stm32f10x_tim.o(.text)
    TIM_OC1Init                              0x080045ff   Thumb Code   132  stm32f10x_tim.o(.text)
    TIM_OC2Init                              0x08004683   Thumb Code   154  stm32f10x_tim.o(.text)
    TIM_OC3Init                              0x0800471d   Thumb Code   150  stm32f10x_tim.o(.text)
    TIM_OC4Init                              0x080047b3   Thumb Code   182  stm32f10x_tim.o(.text)
    TIM_SetIC4Prescaler                      0x08004869   Thumb Code    26  stm32f10x_tim.o(.text)
    TIM_SetIC3Prescaler                      0x08004905   Thumb Code    18  stm32f10x_tim.o(.text)
    TIM_SetIC2Prescaler                      0x08004991   Thumb Code    26  stm32f10x_tim.o(.text)
    TIM_SetIC1Prescaler                      0x08004a2d   Thumb Code    18  stm32f10x_tim.o(.text)
    TIM_ICInit                               0x08004aab   Thumb Code   150  stm32f10x_tim.o(.text)
    TIM_PWMIConfig                           0x08004b41   Thumb Code   124  stm32f10x_tim.o(.text)
    TIM_BDTRConfig                           0x08004bbd   Thumb Code    32  stm32f10x_tim.o(.text)
    TIM_TimeBaseStructInit                   0x08004bdd   Thumb Code    18  stm32f10x_tim.o(.text)
    TIM_OCStructInit                         0x08004bef   Thumb Code    20  stm32f10x_tim.o(.text)
    TIM_ICStructInit                         0x08004c03   Thumb Code    18  stm32f10x_tim.o(.text)
    TIM_BDTRStructInit                       0x08004c15   Thumb Code    40  stm32f10x_tim.o(.text)
    TIM_Cmd                                  0x08004c3d   Thumb Code    24  stm32f10x_tim.o(.text)
    TIM_CtrlPWMOutputs                       0x08004c55   Thumb Code    30  stm32f10x_tim.o(.text)
    TIM_ITConfig                             0x08004c73   Thumb Code    18  stm32f10x_tim.o(.text)
    TIM_GenerateEvent                        0x08004c85   Thumb Code     4  stm32f10x_tim.o(.text)
    TIM_DMAConfig                            0x08004c89   Thumb Code    10  stm32f10x_tim.o(.text)
    TIM_DMACmd                               0x08004c93   Thumb Code    18  stm32f10x_tim.o(.text)
    TIM_InternalClockConfig                  0x08004ca5   Thumb Code    12  stm32f10x_tim.o(.text)
    TIM_SelectInputTrigger                   0x08004cb1   Thumb Code    18  stm32f10x_tim.o(.text)
    TIM_ITRxExternalClockConfig              0x08004cc3   Thumb Code    24  stm32f10x_tim.o(.text)
    TIM_TIxExternalClockConfig               0x08004cdb   Thumb Code    62  stm32f10x_tim.o(.text)
    TIM_ETRConfig                            0x08004d19   Thumb Code    28  stm32f10x_tim.o(.text)
    TIM_ETRClockMode1Config                  0x08004d35   Thumb Code    54  stm32f10x_tim.o(.text)
    TIM_ETRClockMode2Config                  0x08004d6b   Thumb Code    32  stm32f10x_tim.o(.text)
    TIM_PrescalerConfig                      0x08004d8b   Thumb Code     6  stm32f10x_tim.o(.text)
    TIM_CounterModeConfig                    0x08004d91   Thumb Code    18  stm32f10x_tim.o(.text)
    TIM_EncoderInterfaceConfig               0x08004da3   Thumb Code    66  stm32f10x_tim.o(.text)
    TIM_ForcedOC1Config                      0x08004de5   Thumb Code    18  stm32f10x_tim.o(.text)
    TIM_ForcedOC2Config                      0x08004df7   Thumb Code    26  stm32f10x_tim.o(.text)
    TIM_ForcedOC3Config                      0x08004e11   Thumb Code    18  stm32f10x_tim.o(.text)
    TIM_ForcedOC4Config                      0x08004e23   Thumb Code    26  stm32f10x_tim.o(.text)
    TIM_ARRPreloadConfig                     0x08004e3d   Thumb Code    24  stm32f10x_tim.o(.text)
    TIM_SelectCOM                            0x08004e55   Thumb Code    24  stm32f10x_tim.o(.text)
    TIM_SelectCCDMA                          0x08004e6d   Thumb Code    24  stm32f10x_tim.o(.text)
    TIM_CCPreloadControl                     0x08004e85   Thumb Code    24  stm32f10x_tim.o(.text)
    TIM_OC1PreloadConfig                     0x08004e9d   Thumb Code    18  stm32f10x_tim.o(.text)
    TIM_OC2PreloadConfig                     0x08004eaf   Thumb Code    26  stm32f10x_tim.o(.text)
    TIM_OC3PreloadConfig                     0x08004ec9   Thumb Code    18  stm32f10x_tim.o(.text)
    TIM_OC4PreloadConfig                     0x08004edb   Thumb Code    26  stm32f10x_tim.o(.text)
    TIM_OC1FastConfig                        0x08004ef5   Thumb Code    18  stm32f10x_tim.o(.text)
    TIM_OC2FastConfig                        0x08004f07   Thumb Code    26  stm32f10x_tim.o(.text)
    TIM_OC3FastConfig                        0x08004f21   Thumb Code    18  stm32f10x_tim.o(.text)
    TIM_OC4FastConfig                        0x08004f33   Thumb Code    26  stm32f10x_tim.o(.text)
    TIM_ClearOC1Ref                          0x08004f4d   Thumb Code    18  stm32f10x_tim.o(.text)
    TIM_ClearOC2Ref                          0x08004f5f   Thumb Code    24  stm32f10x_tim.o(.text)
    TIM_ClearOC3Ref                          0x08004f77   Thumb Code    18  stm32f10x_tim.o(.text)
    TIM_ClearOC4Ref                          0x08004f89   Thumb Code    24  stm32f10x_tim.o(.text)
    TIM_OC1PolarityConfig                    0x08004fa1   Thumb Code    18  stm32f10x_tim.o(.text)
    TIM_OC1NPolarityConfig                   0x08004fb3   Thumb Code    18  stm32f10x_tim.o(.text)
    TIM_OC2PolarityConfig                    0x08004fc5   Thumb Code    26  stm32f10x_tim.o(.text)
    TIM_OC2NPolarityConfig                   0x08004fdf   Thumb Code    26  stm32f10x_tim.o(.text)
    TIM_OC3PolarityConfig                    0x08004ff9   Thumb Code    26  stm32f10x_tim.o(.text)
    TIM_OC3NPolarityConfig                   0x08005013   Thumb Code    26  stm32f10x_tim.o(.text)
    TIM_OC4PolarityConfig                    0x0800502d   Thumb Code    26  stm32f10x_tim.o(.text)
    TIM_CCxCmd                               0x08005047   Thumb Code    30  stm32f10x_tim.o(.text)
    TIM_CCxNCmd                              0x08005065   Thumb Code    30  stm32f10x_tim.o(.text)
    TIM_SelectOCxM                           0x08005083   Thumb Code    82  stm32f10x_tim.o(.text)
    TIM_UpdateDisableConfig                  0x080050d5   Thumb Code    24  stm32f10x_tim.o(.text)
    TIM_UpdateRequestConfig                  0x080050ed   Thumb Code    24  stm32f10x_tim.o(.text)
    TIM_SelectHallSensor                     0x08005105   Thumb Code    24  stm32f10x_tim.o(.text)
    TIM_SelectOnePulseMode                   0x0800511d   Thumb Code    18  stm32f10x_tim.o(.text)
    TIM_SelectOutputTrigger                  0x0800512f   Thumb Code    18  stm32f10x_tim.o(.text)
    TIM_SelectSlaveMode                      0x08005141   Thumb Code    18  stm32f10x_tim.o(.text)
    TIM_SelectMasterSlaveMode                0x08005153   Thumb Code    18  stm32f10x_tim.o(.text)
    TIM_SetCounter                           0x08005165   Thumb Code     4  stm32f10x_tim.o(.text)
    TIM_SetAutoreload                        0x08005169   Thumb Code     4  stm32f10x_tim.o(.text)
    TIM_SetCompare1                          0x0800516d   Thumb Code     4  stm32f10x_tim.o(.text)
    TIM_SetCompare2                          0x08005171   Thumb Code     4  stm32f10x_tim.o(.text)
    TIM_SetCompare3                          0x08005175   Thumb Code     4  stm32f10x_tim.o(.text)
    TIM_SetCompare4                          0x08005179   Thumb Code     6  stm32f10x_tim.o(.text)
    TIM_SetClockDivision                     0x0800517f   Thumb Code    18  stm32f10x_tim.o(.text)
    TIM_GetCapture1                          0x08005191   Thumb Code     6  stm32f10x_tim.o(.text)
    TIM_GetCapture2                          0x08005197   Thumb Code     6  stm32f10x_tim.o(.text)
    TIM_GetCapture3                          0x0800519d   Thumb Code     6  stm32f10x_tim.o(.text)
    TIM_GetCapture4                          0x080051a3   Thumb Code     8  stm32f10x_tim.o(.text)
    TIM_GetCounter                           0x080051ab   Thumb Code     6  stm32f10x_tim.o(.text)
    TIM_GetPrescaler                         0x080051b1   Thumb Code     6  stm32f10x_tim.o(.text)
    TIM_GetFlagStatus                        0x080051b7   Thumb Code    18  stm32f10x_tim.o(.text)
    TIM_ClearFlag                            0x080051c9   Thumb Code     6  stm32f10x_tim.o(.text)
    TIM_GetITStatus                          0x080051cf   Thumb Code    34  stm32f10x_tim.o(.text)
    TIM_ClearITPendingBit                    0x080051f1   Thumb Code     6  stm32f10x_tim.o(.text)
    SystemInit                               0x080052d7   Thumb Code    78  system_stm32f10x.o(.text)
    SystemCoreClockUpdate                    0x08005325   Thumb Code   142  system_stm32f10x.o(.text)
    initPID                                  0x080053d9   Thumb Code    70  pid.o(.text)
    updatePID                                0x0800541f   Thumb Code   362  pid.o(.text)
    setPIDintegralError                      0x08005589   Thumb Code    14  pid.o(.text)
    zeroPIDintegralError                     0x08005597   Thumb Code    24  pid.o(.text)
    setPIDstates                             0x080055af   Thumb Code    38  pid.o(.text)
    zeroPIDstates                            0x080055d5   Thumb Code    24  pid.o(.text)
    readEEPROM                               0x080055fd   Thumb Code   160  config.o(.text)
    writeEEPROM                              0x0800569d   Thumb Code    66  config.o(.text)
    checkFirstTime                           0x080056df   Thumb Code   486  config.o(.text)
    initOrientation                          0x08005915   Thumb Code   270  evvgccf.o(.text)
    getOrientation                           0x08005a23   Thumb Code   312  evvgccf.o(.text)
    initSinArray                             0x08005b7d   Thumb Code    86  fasttrig.o(.text)
    fastSin                                  0x08005bd3   Thumb Code   140  fasttrig.o(.text)
    initFirstOrderFilter                     0x08005c6d   Thumb Code  1112  firstorderfilter.o(.text)
    firstOrderFilter                         0x080060c5   Thumb Code    64  firstorderfilter.o(.text)
    Moving_Median                            0x08006105   Thumb Code   194  firstorderfilter.o(.text)
    calculateAccConfidence                   0x080061d5   Thumb Code   146  margahrs.o(.text)
    MargAHRSinit                             0x08006267   Thumb Code   600  margahrs.o(.text)
    MargAHRSupdate                           0x080064bf   Thumb Code  2718  margahrs.o(.text)
    processPointingCommands                  0x08006f79   Thumb Code  1132  pointingcommands.o(.text)
    NMI_Handler                              0x080073f5   Thumb Code     2  stm32_it.o(.text)
    HardFault_Handler                        0x080073f7   Thumb Code    10  stm32_it.o(.text)
    MemManage_Handler                        0x08007401   Thumb Code    10  stm32_it.o(.text)
    BusFault_Handler                         0x0800740b   Thumb Code    10  stm32_it.o(.text)
    UsageFault_Handler                       0x08007415   Thumb Code    10  stm32_it.o(.text)
    SVC_Handler                              0x0800741f   Thumb Code     2  stm32_it.o(.text)
    DebugMon_Handler                         0x08007421   Thumb Code     2  stm32_it.o(.text)
    PendSV_Handler                           0x08007423   Thumb Code     2  stm32_it.o(.text)
    USB_LP_CAN1_RX0_IRQHandler               0x08007425   Thumb Code     8  stm32_it.o(.text)
    USBWakeUp_IRQHandler                     0x0800742d   Thumb Code    12  stm32_it.o(.text)
    constrain                                0x080074a5   Thumb Code    40  utilities.o(.text)
    matrixMultiply                           0x080074cd   Thumb Code   132  utilities.o(.text)
    Round                                    0x08007551   Thumb Code    38  utilities.o(.text)
    _sbrk                                    0x08007577   Thumb Code    42  utilities.o(.text)
    sphereFit                                0x080075a1   Thumb Code  2568  utilities.o(.text)
    standardRadianFormat                     0x08007fa9   Thumb Code    48  utilities.o(.text)
    stringToFloat                            0x08007fd9   Thumb Code   492  utilities.o(.text)
    printUSART                               0x080081e9   Thumb Code    38  drv_cli.o(.text)
    printDirect                              0x0800820f   Thumb Code    38  drv_cli.o(.text)
    usbOverrun                               0x08008235   Thumb Code     6  drv_cli.o(.text)
    USBPushTXData                            0x0800823b   Thumb Code    82  drv_cli.o(.text)
    USBPushTX                                0x0800828d   Thumb Code    18  drv_cli.o(.text)
    EP1_IN_Callback                          0x0800829f   Thumb Code    14  drv_cli.o(.text)
    cliInit                                  0x080082ad   Thumb Code    40  drv_cli.o(.text)
    cliPrint                                 0x080082d5   Thumb Code    28  drv_cli.o(.text)
    cliAvailable                             0x080082f1   Thumb Code     6  drv_cli.o(.text)
    cliRead                                  0x080082f7   Thumb Code    30  drv_cli.o(.text)
    cliPrintF                                0x08008315   Thumb Code    50  drv_cli.o(.text)
    usbDsbISR                                0x08008347   Thumb Code     2  drv_cli.o(.text)
    getChar                                  0x08008349   Thumb Code    52  drv_cli.o(.text)
    gpioInit                                 0x080083a1   Thumb Code    80  drv_gpio.o(.text)
    i2cInit                                  0x080084a1   Thumb Code   164  drv_i2c.o(.text)
    I2C1_ER_IRQHandler                       0x080085f5   Thumb Code     8  drv_i2c.o(.text)
    I2C1_EV_IRQHandler                       0x080089df   Thumb Code     8  drv_i2c.o(.text)
    I2C2_ER_IRQHandler                       0x080089e7   Thumb Code     8  drv_i2c.o(.text)
    I2C2_EV_IRQHandler                       0x080089ef   Thumb Code     8  drv_i2c.o(.text)
    i2cWriteBuffer                           0x080089f7   Thumb Code   208  drv_i2c.o(.text)
    i2cWrite                                 0x08008ac7   Thumb Code    20  drv_i2c.o(.text)
    i2cRead                                  0x08008adb   Thumb Code   174  drv_i2c.o(.text)
    i2cGetErrorCounter                       0x08008b89   Thumb Code     6  drv_i2c.o(.text)
    updateCounter                            0x08008bc5   Thumb Code    48  drv_pwmmotors.o(.text)
    TIM2_IRQHandler                          0x08008c15   Thumb Code   138  drv_pwmmotors.o(.text)
    TIM3_IRQHandler                          0x08008c9f   Thumb Code   142  drv_pwmmotors.o(.text)
    TIM4_IRQHandler                          0x08008d2d   Thumb Code   170  drv_pwmmotors.o(.text)
    setPWMFastTable                          0x08008f0f   Thumb Code   332  drv_pwmmotors.o(.text)
    setPWM                                   0x0800905b   Thumb Code    20  drv_pwmmotors.o(.text)
    setPWMData                               0x0800906f   Thumb Code    46  drv_pwmmotors.o(.text)
    limitYawPWM                              0x0800909d   Thumb Code    70  drv_pwmmotors.o(.text)
    activateIRQ                              0x080090e3   Thumb Code    46  drv_pwmmotors.o(.text)
    setRollMotor                             0x08009111   Thumb Code    42  drv_pwmmotors.o(.text)
    setPitchMotor                            0x0800913b   Thumb Code    40  drv_pwmmotors.o(.text)
    setYawMotor                              0x08009163   Thumb Code    46  drv_pwmmotors.o(.text)
    forceMotorUpdate                         0x08009191   Thumb Code    24  drv_pwmmotors.o(.text)
    pwmMotorDriverInit                       0x080091a9   Thumb Code   380  drv_pwmmotors.o(.text)
    timingFunctionsInit                      0x0800935d   Thumb Code    50  drv_timingfunctions.o(.text)
    Get_Cycle_T                              0x0800938f   Thumb Code    98  drv_timingfunctions.o(.text)
    Cycle_Time_Init                          0x080093f1   Thumb Code    22  drv_timingfunctions.o(.text)
    InitUart4BufferIRQ                       0x08009411   Thumb Code    42  drv_usart.o(.text)
    UART4EnableTxInterrupt                   0x0800943b   Thumb Code     2  drv_usart.o(.text)
    InitUart4Buffer                          0x0800943d   Thumb Code    22  drv_usart.o(.text)
    Usart4Init                               0x08009453   Thumb Code   156  drv_usart.o(.text)
    USART_GetChar                            0x080094ef   Thumb Code    10  drv_usart.o(.text)
    USART_Peek                               0x080094f9   Thumb Code    10  drv_usart.o(.text)
    USART_Available                          0x08009503   Thumb Code    10  drv_usart.o(.text)
    USART_Flush                              0x0800950d   Thumb Code    16  drv_usart.o(.text)
    USART_PutCharDirect                      0x0800951d   Thumb Code    22  drv_usart.o(.text)
    USART_PutChar                            0x08009533   Thumb Code    16  drv_usart.o(.text)
    USART_PutStringDirect                    0x08009543   Thumb Code    22  drv_usart.o(.text)
    USART_PutString                          0x08009559   Thumb Code    56  drv_usart.o(.text)
    Data_Receive_Anl                         0x08009591   Thumb Code   372  drv_usart.o(.text)
    UART4_IRQHandler                         0x08009705   Thumb Code   398  drv_usart.o(.text)
    UsartSend_GOL_LINK                       0x08009893   Thumb Code    32  drv_usart.o(.text)
    Send_BLDC                                0x080098cd   Thumb Code   432  drv_usart.o(.text)
    RingBufferInit                           0x08009a89   Thumb Code    14  ringbuffer.o(.text)
    RingBufferSize                           0x08009a97   Thumb Code     8  ringbuffer.o(.text)
    RingBufferFillLevel                      0x08009a9f   Thumb Code    34  ringbuffer.o(.text)
    RingBufferPut                            0x08009ac1   Thumb Code   108  ringbuffer.o(.text)
    RingBufferPutBlock                       0x08009b2d   Thumb Code   192  ringbuffer.o(.text)
    RingBufferGet                            0x08009bed   Thumb Code    56  ringbuffer.o(.text)
    RingBufferPeek                           0x08009c25   Thumb Code    28  ringbuffer.o(.text)
    computeMPU6050TCBias                     0x08009c41   Thumb Code   202  mpu6050.o(.text)
    readMPU6050                              0x08009d0b   Thumb Code   236  mpu6050.o(.text)
    computeMPU6050RTData                     0x08009df7   Thumb Code   534  mpu6050.o(.text)
    initMPU6050                              0x0800a00d   Thumb Code   158  mpu6050.o(.text)
    orientIMU                                0x0800a0ab   Thumb Code   330  mpu6050.o(.text)
    readStringCLI                            0x0800a1fd   Thumb Code    74  cli.o(.text)
    readFloatCLI                             0x0800a247   Thumb Code    96  cli.o(.text)
    readCliPID                               0x0800a2a7   Thumb Code   150  cli.o(.text)
    disableGimbal                            0x0800a33d   Thumb Code    68  cli.o(.text)
    enableGimbal                             0x0800a381   Thumb Code    42  cli.o(.text)
    cliCom                                   0x0800a3ab   Thumb Code  7872  cli.o(.text)
    sensorCLI                                0x0800c2f9   Thumb Code   840  clisensor.o(.text)
    mpu6050Calibration                       0x0800c8dd   Thumb Code  1610  mpu6050calibration.o(.text)
    Set_System                               0x0800cf55   Thumb Code   122  hw_config.o(.text)
    Set_USBClock                             0x0800cfcf   Thumb Code    18  hw_config.o(.text)
    Enter_LowPowerMode                       0x0800cfe1   Thumb Code     8  hw_config.o(.text)
    Leave_LowPowerMode                       0x0800cfe9   Thumb Code    28  hw_config.o(.text)
    USB_Interrupts_Config                    0x0800d005   Thumb Code    60  hw_config.o(.text)
    Get_SerialNum                            0x0800d07f   Thumb Code    42  hw_config.o(.text)
    CDC_Send_DATA                            0x0800d0a9   Thumb Code    42  hw_config.o(.text)
    CDC_Receive_DATA                         0x0800d0d3   Thumb Code    96  hw_config.o(.text)
    usbIsConfigured                          0x0800d133   Thumb Code    16  hw_config.o(.text)
    usbIsConnected                           0x0800d143   Thumb Code    14  hw_config.o(.text)
    SetVCPConnectMode                        0x0800d151   Thumb Code    22  hw_config.o(.text)
    ERR_Callback                             0x0800d167   Thumb Code    14  hw_config.o(.text)
    GetVCPConnectMode                        0x0800d175   Thumb Code     6  hw_config.o(.text)
    EP3_OUT_Callback                         0x0800d1b9   Thumb Code    30  usb_endp.o(.text)
    USB_Istr                                 0x0800d1e5   Thumb Code   154  usb_istr.o(.text)
    Virtual_Com_Port_init                    0x0800d295   Thumb Code    30  usb_prop.o(.text)
    Virtual_Com_Port_Reset                   0x0800d2b3   Thumb Code   224  usb_prop.o(.text)
    Virtual_Com_Port_SetConfiguration        0x0800d393   Thumb Code    14  usb_prop.o(.text)
    Virtual_Com_Port_SetDeviceAddress        0x0800d3a1   Thumb Code     8  usb_prop.o(.text)
    Virtual_Com_Port_Status_In               0x0800d3a9   Thumb Code    16  usb_prop.o(.text)
    Virtual_Com_Port_Status_Out              0x0800d3b9   Thumb Code     2  usb_prop.o(.text)
    Virtual_Com_Port_SetLineCoding           0x0800d3bb   Thumb Code    20  usb_prop.o(.text)
    Virtual_Com_Port_GetLineCoding           0x0800d3cf   Thumb Code    20  usb_prop.o(.text)
    Virtual_Com_Port_Data_Setup              0x0800d3e3   Thumb Code    92  usb_prop.o(.text)
    Virtual_Com_Port_NoData_Setup            0x0800d43f   Thumb Code    44  usb_prop.o(.text)
    Virtual_Com_Port_GetDeviceDescriptor     0x0800d46b   Thumb Code    14  usb_prop.o(.text)
    Virtual_Com_Port_GetConfigDescriptor     0x0800d479   Thumb Code    34  usb_prop.o(.text)
    Virtual_Com_Port_GetStringDescriptor     0x0800d49b   Thumb Code    32  usb_prop.o(.text)
    Virtual_Com_Port_Get_Interface_Setting   0x0800d4bb   Thumb Code    22  usb_prop.o(.text)
    PowerOn                                  0x0800d4fd   Thumb Code    46  usb_pwr.o(.text)
    PowerOff                                 0x0800d52b   Thumb Code    22  usb_pwr.o(.text)
    Suspend                                  0x0800d541   Thumb Code   240  usb_pwr.o(.text)
    Resume_Init                              0x0800d631   Thumb Code    30  usb_pwr.o(.text)
    Resume                                   0x0800d64f   Thumb Code   194  usb_pwr.o(.text)
    Standard_GetConfiguration                0x0800d731   Thumb Code    34  usb_core.o(.text)
    Standard_SetConfiguration                0x0800d753   Thumb Code    60  usb_core.o(.text)
    Standard_GetInterface                    0x0800d78f   Thumb Code    34  usb_core.o(.text)
    Standard_SetInterface                    0x0800d7b1   Thumb Code    96  usb_core.o(.text)
    Standard_GetStatus                       0x0800d811   Thumb Code   238  usb_core.o(.text)
    Standard_ClearFeature                    0x0800d8ff   Thumb Code   342  usb_core.o(.text)
    Standard_SetEndPointFeature              0x0800da55   Thumb Code   220  usb_core.o(.text)
    Standard_SetDeviceFeature                0x0800db31   Thumb Code    30  usb_core.o(.text)
    Standard_GetDescriptorData               0x0800db4f   Thumb Code    32  usb_core.o(.text)
    Post0_Process                            0x0800e083   Thumb Code    54  usb_core.o(.text)
    Setup0_Process                           0x0800e0b9   Thumb Code   170  usb_core.o(.text)
    SetDeviceAddress                         0x0800e163   Thumb Code    70  usb_core.o(.text)
    In0_Process                              0x0800e1a9   Thumb Code    98  usb_core.o(.text)
    Out0_Process                             0x0800e20b   Thumb Code    70  usb_core.o(.text)
    NOP_Process                              0x0800e251   Thumb Code     2  usb_core.o(.text)
    USB_Init                                 0x0800e281   Thumb Code    36  usb_init.o(.text)
    CTR_LP                                   0x0800e2bd   Thumb Code   616  usb_int.o(.text)
    CTR_HP                                   0x0800e525   Thumb Code   178  usb_int.o(.text)
    UserToPMABufferCopy                      0x0800e5f9   Thumb Code    52  usb_mem.o(.text)
    PMAToUserBufferCopy                      0x0800e62d   Thumb Code    34  usb_mem.o(.text)
    SetCNTR                                  0x0800e655   Thumb Code     6  usb_regs.o(.text)
    GetCNTR                                  0x0800e65b   Thumb Code     8  usb_regs.o(.text)
    SetISTR                                  0x0800e663   Thumb Code     8  usb_regs.o(.text)
    GetISTR                                  0x0800e66b   Thumb Code    10  usb_regs.o(.text)
    GetFNR                                   0x0800e675   Thumb Code    10  usb_regs.o(.text)
    SetDADDR                                 0x0800e67f   Thumb Code     8  usb_regs.o(.text)
    GetDADDR                                 0x0800e687   Thumb Code    10  usb_regs.o(.text)
    SetBTABLE                                0x0800e691   Thumb Code    14  usb_regs.o(.text)
    GetBTABLE                                0x0800e69f   Thumb Code    10  usb_regs.o(.text)
    SetENDPOINT                              0x0800e6a9   Thumb Code    12  usb_regs.o(.text)
    GetENDPOINT                              0x0800e6b5   Thumb Code    16  usb_regs.o(.text)
    SetEPType                                0x0800e6c5   Thumb Code    32  usb_regs.o(.text)
    GetEPType                                0x0800e6e5   Thumb Code    18  usb_regs.o(.text)
    SetEPTxStatus                            0x0800e6f7   Thumb Code    60  usb_regs.o(.text)
    SetEPRxStatus                            0x0800e733   Thumb Code    60  usb_regs.o(.text)
    SetDouBleBuffEPStall                     0x0800e76f   Thumb Code    54  usb_regs.o(.text)
    GetEPTxStatus                            0x0800e7a5   Thumb Code    18  usb_regs.o(.text)
    GetEPRxStatus                            0x0800e7b7   Thumb Code    18  usb_regs.o(.text)
    SetEPTxValid                             0x0800e7c9   Thumb Code    48  usb_regs.o(.text)
    SetEPRxValid                             0x0800e7f9   Thumb Code    48  usb_regs.o(.text)
    SetEP_KIND                               0x0800e829   Thumb Code    38  usb_regs.o(.text)
    ClearEP_KIND                             0x0800e84f   Thumb Code    34  usb_regs.o(.text)
    Clear_Status_Out                         0x0800e871   Thumb Code    34  usb_regs.o(.text)
    Set_Status_Out                           0x0800e893   Thumb Code    38  usb_regs.o(.text)
    SetEPDoubleBuff                          0x0800e8b9   Thumb Code    38  usb_regs.o(.text)
    ClearEPDoubleBuff                        0x0800e8df   Thumb Code    34  usb_regs.o(.text)
    GetTxStallStatus                         0x0800e901   Thumb Code    28  usb_regs.o(.text)
    GetRxStallStatus                         0x0800e91d   Thumb Code    30  usb_regs.o(.text)
    ClearEP_CTR_RX                           0x0800e93b   Thumb Code    32  usb_regs.o(.text)
    ClearEP_CTR_TX                           0x0800e95b   Thumb Code    28  usb_regs.o(.text)
    ToggleDTOG_RX                            0x0800e977   Thumb Code    34  usb_regs.o(.text)
    ToggleDTOG_TX                            0x0800e999   Thumb Code    34  usb_regs.o(.text)
    ClearDTOG_RX                             0x0800e9bb   Thumb Code    48  usb_regs.o(.text)
    ClearDTOG_TX                             0x0800e9eb   Thumb Code    48  usb_regs.o(.text)
    SetEPAddress                             0x0800ea1b   Thumb Code    46  usb_regs.o(.text)
    GetEPAddress                             0x0800ea49   Thumb Code    18  usb_regs.o(.text)
    SetEPTxAddr                              0x0800ea5b   Thumb Code    24  usb_regs.o(.text)
    SetEPRxAddr                              0x0800ea73   Thumb Code    26  usb_regs.o(.text)
    GetEPTxAddr                              0x0800ea8d   Thumb Code    22  usb_regs.o(.text)
    GetEPRxAddr                              0x0800eaa3   Thumb Code    24  usb_regs.o(.text)
    SetEPTxCount                             0x0800eabb   Thumb Code    20  usb_regs.o(.text)
    SetEPCountRxReg                          0x0800eacf   Thumb Code    48  usb_regs.o(.text)
    SetEPRxCount                             0x0800eaff   Thumb Code    68  usb_regs.o(.text)
    GetEPTxCount                             0x0800eb43   Thumb Code    26  usb_regs.o(.text)
    GetEPRxCount                             0x0800eb5d   Thumb Code    26  usb_regs.o(.text)
    SetEPDblBuffAddr                         0x0800eb77   Thumb Code    44  usb_regs.o(.text)
    SetEPDblBuf0Addr                         0x0800eba3   Thumb Code    24  usb_regs.o(.text)
    SetEPDblBuf1Addr                         0x0800ebbb   Thumb Code    26  usb_regs.o(.text)
    GetEPDblBuf0Addr                         0x0800ebd5   Thumb Code    22  usb_regs.o(.text)
    GetEPDblBuf1Addr                         0x0800ebeb   Thumb Code    24  usb_regs.o(.text)
    SetEPDblBuffCount                        0x0800ec03   Thumb Code   186  usb_regs.o(.text)
    SetEPDblBuf0Count                        0x0800ecbd   Thumb Code    96  usb_regs.o(.text)
    SetEPDblBuf1Count                        0x0800ed1d   Thumb Code    96  usb_regs.o(.text)
    GetEPDblBuf0Count                        0x0800ed7d   Thumb Code    26  usb_regs.o(.text)
    GetEPDblBuf1Count                        0x0800ed97   Thumb Code    26  usb_regs.o(.text)
    GetEPDblBufDir                           0x0800edb1   Thumb Code    62  usb_regs.o(.text)
    FreeUserBuffer                           0x0800edef   Thumb Code    90  usb_regs.o(.text)
    ToWord                                   0x0800ee49   Thumb Code     8  usb_regs.o(.text)
    ByteSwap                                 0x0800ee51   Thumb Code    12  usb_regs.o(.text)
    USB_SIL_Init                             0x0800ee5d   Thumb Code    28  usb_sil.o(.text)
    USB_SIL_Write                            0x0800ee79   Thumb Code    46  usb_sil.o(.text)
    USB_SIL_Read                             0x0800eea7   Thumb Code    46  usb_sil.o(.text)
    __aeabi_memcpy                           0x0800eedd   Thumb Code    36  memcpya.o(.text)
    __aeabi_memcpy4                          0x0800eedd   Thumb Code     0  memcpya.o(.text)
    __aeabi_memcpy8                          0x0800eedd   Thumb Code     0  memcpya.o(.text)
    __aeabi_memset                           0x0800ef01   Thumb Code    14  memseta.o(.text)
    __aeabi_memset4                          0x0800ef01   Thumb Code     0  memseta.o(.text)
    __aeabi_memset8                          0x0800ef01   Thumb Code     0  memseta.o(.text)
    __aeabi_memclr                           0x0800ef0f   Thumb Code     4  memseta.o(.text)
    __aeabi_memclr4                          0x0800ef0f   Thumb Code     0  memseta.o(.text)
    __aeabi_memclr8                          0x0800ef0f   Thumb Code     0  memseta.o(.text)
    _memset$wrapper                          0x0800ef13   Thumb Code    18  memseta.o(.text)
    strlen                                   0x0800ef25   Thumb Code    14  strlen.o(.text)
    __aeabi_fadd                             0x0800ef33   Thumb Code   164  fadd.o(.text)
    __aeabi_fsub                             0x0800efd7   Thumb Code     6  fadd.o(.text)
    __aeabi_frsub                            0x0800efdd   Thumb Code     6  fadd.o(.text)
    __aeabi_fmul                             0x0800efe3   Thumb Code   100  fmul.o(.text)
    __aeabi_fdiv                             0x0800f047   Thumb Code   124  fdiv.o(.text)
    __aeabi_dadd                             0x0800f0c3   Thumb Code   322  dadd.o(.text)
    __aeabi_dsub                             0x0800f205   Thumb Code     6  dadd.o(.text)
    __aeabi_drsub                            0x0800f20b   Thumb Code     6  dadd.o(.text)
    __aeabi_dmul                             0x0800f211   Thumb Code   228  dmul.o(.text)
    __aeabi_ddiv                             0x0800f2f5   Thumb Code   222  ddiv.o(.text)
    __aeabi_i2f                              0x0800f3d3   Thumb Code    18  fflti.o(.text)
    __aeabi_ui2f                             0x0800f3e5   Thumb Code    10  ffltui.o(.text)
    __aeabi_i2d                              0x0800f3ef   Thumb Code    34  dflti.o(.text)
    __aeabi_ui2d                             0x0800f411   Thumb Code    26  dfltui.o(.text)
    __aeabi_f2iz                             0x0800f42b   Thumb Code    50  ffixi.o(.text)
    __aeabi_f2uiz                            0x0800f45d   Thumb Code    40  ffixui.o(.text)
    __aeabi_d2iz                             0x0800f485   Thumb Code    62  dfixi.o(.text)
    __aeabi_f2d                              0x0800f4c3   Thumb Code    38  f2d.o(.text)
    __aeabi_cdcmpeq                          0x0800f4e9   Thumb Code     0  cdcmple.o(.text)
    __aeabi_cdcmple                          0x0800f4e9   Thumb Code    48  cdcmple.o(.text)
    __aeabi_cdrcmple                         0x0800f519   Thumb Code    48  cdrcmple.o(.text)
    __aeabi_d2f                              0x0800f549   Thumb Code    56  d2f.o(.text)
    __aeabi_cfcmpeq                          0x0800f581   Thumb Code     0  cfcmple.o(.text)
    __aeabi_cfcmple                          0x0800f581   Thumb Code    20  cfcmple.o(.text)
    __aeabi_cfrcmple                         0x0800f595   Thumb Code    20  cfrcmple.o(.text)
    __aeabi_uidiv                            0x0800f5a9   Thumb Code     0  uidiv.o(.text)
    __aeabi_uidivmod                         0x0800f5a9   Thumb Code    44  uidiv.o(.text)
    __aeabi_uldivmod                         0x0800f5d5   Thumb Code    98  uldiv.o(.text)
    __aeabi_llsl                             0x0800f637   Thumb Code    30  llshl.o(.text)
    _ll_shift_l                              0x0800f637   Thumb Code     0  llshl.o(.text)
    __aeabi_llsr                             0x0800f655   Thumb Code    32  llushr.o(.text)
    _ll_ushift_r                             0x0800f655   Thumb Code     0  llushr.o(.text)
    __aeabi_lasr                             0x0800f675   Thumb Code    36  llsshr.o(.text)
    _ll_sshift_r                             0x0800f675   Thumb Code     0  llsshr.o(.text)
    __I$use$fp                               0x0800f699   Thumb Code     0  iusefp.o(.text)
    _float_round                             0x0800f699   Thumb Code    18  fepilogue.o(.text)
    _float_epilogue                          0x0800f6ab   Thumb Code    92  fepilogue.o(.text)
    __ARM_scalbnf                            0x0800f707   Thumb Code    24  fscalb.o(.text)
    scalbnf                                  0x0800f707   Thumb Code     0  fscalb.o(.text)
    _frnd                                    0x0800f71f   Thumb Code    60  frnd.o(.text)
    _double_round                            0x0800f75b   Thumb Code    30  depilogue.o(.text)
    _double_epilogue                         0x0800f779   Thumb Code   156  depilogue.o(.text)
    _dsqrt                                   0x0800f815   Thumb Code   162  dsqrt.o(.text)
    _drnd                                    0x0800f8b9   Thumb Code   132  drnd.o(.text)
    __aeabi_d2ulz                            0x0800f941   Thumb Code    48  dfixul.o(.text)
    __scatterload                            0x0800f971   Thumb Code    28  init.o(.text)
    __scatterload_rt2                        0x0800f971   Thumb Code     0  init.o(.text)
    _fsqrt                                   0x0800f995   Thumb Code    94  fsqrt.o(.text)
    __ARM_scalbn                             0x0800f9f3   Thumb Code    46  dscalb.o(.text)
    scalbn                                   0x0800f9f3   Thumb Code     0  dscalb.o(.text)
    __decompress                             0x0800fa21   Thumb Code     0  __dczerorl2.o(.text)
    __decompress1                            0x0800fa21   Thumb Code    86  __dczerorl2.o(.text)
    __0vsnprintf                             0x0800fa79   Thumb Code    32  printfa.o(i.__0vsnprintf)
    __1vsnprintf                             0x0800fa79   Thumb Code     0  printfa.o(i.__0vsnprintf)
    __2vsnprintf                             0x0800fa79   Thumb Code     0  printfa.o(i.__0vsnprintf)
    __c89vsnprintf                           0x0800fa79   Thumb Code     0  printfa.o(i.__0vsnprintf)
    vsnprintf                                0x0800fa79   Thumb Code     0  printfa.o(i.__0vsnprintf)
    __ARM_fpclassify                         0x0800fa9d   Thumb Code    40  fpclassify.o(i.__ARM_fpclassify)
    __ARM_fpclassifyf                        0x0800fac5   Thumb Code    38  fpclassifyf.o(i.__ARM_fpclassifyf)
    __aeabi_errno_addr                       0x0800faed   Thumb Code     4  errno.o(i.__aeabi_errno_addr)
    __rt_errno_addr                          0x0800faed   Thumb Code     0  errno.o(i.__aeabi_errno_addr)
    __ieee754_rem_pio2                       0x0800faf5   Thumb Code   828  rred.o(i.__ieee754_rem_pio2)
    __kernel_cos                             0x0800fe7d   Thumb Code   230  cos_i.o(i.__kernel_cos)
    __kernel_poly                            0x0800ff79   Thumb Code   170  poly.o(i.__kernel_poly)
    __kernel_sin                             0x08010025   Thumb Code   224  sin_i.o(i.__kernel_sin)
    __mathlib_dbl_infnan                     0x08010111   Thumb Code     6  dunder.o(i.__mathlib_dbl_infnan)
    __mathlib_dbl_infnan2                    0x08010117   Thumb Code     4  dunder.o(i.__mathlib_dbl_infnan2)
    __mathlib_dbl_invalid                    0x0801011b   Thumb Code    12  dunder.o(i.__mathlib_dbl_invalid)
    __mathlib_dbl_underflow                  0x08010129   Thumb Code    10  dunder.o(i.__mathlib_dbl_underflow)
    __mathlib_flt_infnan                     0x08010139   Thumb Code     6  funder.o(i.__mathlib_flt_infnan)
    __mathlib_flt_infnan2                    0x0801013f   Thumb Code     4  funder.o(i.__mathlib_flt_infnan2)
    __mathlib_flt_invalid                    0x08010143   Thumb Code     8  funder.o(i.__mathlib_flt_invalid)
    __mathlib_flt_underflow                  0x0801014b   Thumb Code    10  funder.o(i.__mathlib_flt_underflow)
    __mathlib_rredf2                         0x08010155   Thumb Code   344  rredf.o(i.__mathlib_rredf2)
    __scatterload_copy                       0x080102bd   Thumb Code    14  handlers.o(i.__scatterload_copy)
    __scatterload_null                       0x080102cb   Thumb Code     2  handlers.o(i.__scatterload_null)
    __scatterload_zeroinit                   0x080102cd   Thumb Code    14  handlers.o(i.__scatterload_zeroinit)
    __set_errno                              0x080102dd   Thumb Code     6  errno.o(i.__set_errno)
    asinf                                    0x08010b91   Thumb Code   254  asinf.o(i.asinf)
    atan                                     0x08010cb5   Thumb Code   474  atan.o(i.atan)
    atan2                                    0x08010ed5   Thumb Code   346  atan2.o(i.atan2)
    atan2f                                   0x08011055   Thumb Code   528  atan2f.o(i.atan2f)
    cosf                                     0x080112b1   Thumb Code   328  cosf.o(i.cosf)
    round                                    0x0801142d   Thumb Code   136  round.o(i.round)
    sin                                      0x080114c1   Thumb Code   150  sin.o(i.sin)
    sinf                                     0x08011561   Thumb Code   338  sinf.o(i.sinf)
    sqrt                                     0x080116e9   Thumb Code    76  sqrt.o(i.sqrt)
    sqrtf                                    0x08011735   Thumb Code    44  sqrtf.o(i.sqrtf)
    Virtual_Com_Port_DeviceDescriptor        0x08011760   Data          18  usb_desc.o(.constdata)
    Virtual_Com_Port_ConfigDescriptor        0x08011772   Data          67  usb_desc.o(.constdata)
    Virtual_Com_Port_StringLangID            0x080117b5   Data           4  usb_desc.o(.constdata)
    Virtual_Com_Port_StringVendor            0x080117b9   Data          38  usb_desc.o(.constdata)
    Virtual_Com_Port_StringProduct           0x080117df   Data          50  usb_desc.o(.constdata)
    __mathlib_zero                           0x080118e0   Data           8  qnan.o(.constdata)
    Region$$Table$$Base                      0x08012248   Number         0  anon$$obj.o(Region$$Table)
    Region$$Table$$Limit                     0x08012268   Number         0  anon$$obj.o(Region$$Table)
    testPhase                                0x20000000   Data           4  main.o(.data)
    testPhaseDelta                           0x20000004   Data           4  main.o(.data)
    timerValue                               0x20000008   Data           2  main.o(.data)
    test                                     0x2000000a   Data           4  main.o(.data)
    rad_sin                                  0x20000010   Data           4  main.o(.data)
    bat                                      0x20000014   Data           4  main.o(.data)
    k_bat                                    0x20000018   Data           4  main.o(.data)
    rcActive                                 0x2000002a   Data           1  drv_rc.o(.data)
    state_dj                                 0x2000002b   Data           5  drv_rc.o(.data)
    state_dj_rx                              0x20000030   Data           5  drv_rc.o(.data)
    IO_STATE                                 0x20000035   Data           5  drv_rc.o(.data)
    IO_STATER                                0x2000003a   Data           5  drv_rc.o(.data)
    cnt_sample1                              0x20000040   Data           4  drv_rc.o(.data)
    TIM2CH1_CAPTURE_STA                      0x20000044   Data           4  drv_rc.o(.data)
    TIM2CH1_CAPTURE_VAL                      0x20000048   Data           8  drv_rc.o(.data)
    MAX_ENCODER                              0x20000050   Data           2  drv_rc.o(.data)
    max_encoder_cal                          0x20000054   Data           4  drv_rc.o(.data)
    dt_encoder_update                        0x20000058   Data           4  drv_rc.o(.data)
    io_state                                 0x2000005c   Data           3  drv_rc.o(.data)
    frameCounter                             0x20000074   Data           2  drv_system.o(.data)
    frame_500Hz                              0x20000076   Data           1  drv_system.o(.data)
    frame_100Hz                              0x20000077   Data           1  drv_system.o(.data)
    frame_50Hz                               0x20000078   Data           1  drv_system.o(.data)
    frame_10Hz                               0x20000079   Data           1  drv_system.o(.data)
    frame_5Hz                                0x2000007a   Data           1  drv_system.o(.data)
    frame_1Hz                                0x2000007b   Data           1  drv_system.o(.data)
    deltaTime1000Hz                          0x2000007c   Data           4  drv_system.o(.data)
    executionTime1000Hz                      0x20000080   Data           4  drv_system.o(.data)
    previous1000HzTime                       0x20000084   Data           4  drv_system.o(.data)
    deltaTime500Hz                           0x20000088   Data           4  drv_system.o(.data)
    executionTime500Hz                       0x2000008c   Data           4  drv_system.o(.data)
    previous500HzTime                        0x20000090   Data           4  drv_system.o(.data)
    deltaTime100Hz                           0x20000094   Data           4  drv_system.o(.data)
    executionTime100Hz                       0x20000098   Data           4  drv_system.o(.data)
    previous100HzTime                        0x2000009c   Data           4  drv_system.o(.data)
    deltaTime50Hz                            0x200000a0   Data           4  drv_system.o(.data)
    executionTime50Hz                        0x200000a4   Data           4  drv_system.o(.data)
    previous50HzTime                         0x200000a8   Data           4  drv_system.o(.data)
    deltaTime10Hz                            0x200000ac   Data           4  drv_system.o(.data)
    executionTime10Hz                        0x200000b0   Data           4  drv_system.o(.data)
    previous10HzTime                         0x200000b4   Data           4  drv_system.o(.data)
    deltaTime5Hz                             0x200000b8   Data           4  drv_system.o(.data)
    executionTime5Hz                         0x200000bc   Data           4  drv_system.o(.data)
    previous5HzTime                          0x200000c0   Data           4  drv_system.o(.data)
    deltaTime1Hz                             0x200000c4   Data           4  drv_system.o(.data)
    executionTime1Hz                         0x200000c8   Data           4  drv_system.o(.data)
    previous1HzTime                          0x200000cc   Data           4  drv_system.o(.data)
    dt500Hz                                  0x200000d0   Data           4  drv_system.o(.data)
    systemReady                              0x200000d4   Data           1  drv_system.o(.data)
    mechanical2electricalDegrees             0x200000d8   Data          12  computemotorcommands.o(.data)
    electrical2mechanicalDegrees             0x200000e4   Data          12  computemotorcommands.o(.data)
    yawCmd                                   0x200000f0   Data           4  computemotorcommands.o(.data)
    centerPoint                              0x200000f4   Data           4  computemotorcommands.o(.data)
    stepSmooth                               0x200000f8   Data           4  computemotorcommands.o(.data)
    step                                     0x200000fc   Data           4  computemotorcommands.o(.data)
    exp_angle                                0x20000100   Data          12  computemotorcommands.o(.data)
    kp                                       0x2000010c   Data           4  computemotorcommands.o(.data)
    kd                                       0x20000110   Data           4  computemotorcommands.o(.data)
    ki                                       0x20000114   Data           4  computemotorcommands.o(.data)
    flt                                      0x20000118   Data           4  computemotorcommands.o(.data)
    SystemCoreClock                          0x20000130   Data           4  system_stm32f10x.o(.data)
    AHBPrescTable                            0x20000134   Data          16  system_stm32f10x.o(.data)
    holdIntegrators                          0x20000144   Data           1  pid.o(.data)
    exAcc                                    0x20000150   Data           4  margahrs.o(.data)
    eyAcc                                    0x20000154   Data           4  margahrs.o(.data)
    ezAcc                                    0x20000158   Data           4  margahrs.o(.data)
    exAccInt                                 0x2000015c   Data           4  margahrs.o(.data)
    eyAccInt                                 0x20000160   Data           4  margahrs.o(.data)
    ezAccInt                                 0x20000164   Data           4  margahrs.o(.data)
    exMag                                    0x20000168   Data           4  margahrs.o(.data)
    eyMag                                    0x2000016c   Data           4  margahrs.o(.data)
    ezMag                                    0x20000170   Data           4  margahrs.o(.data)
    exMagInt                                 0x20000174   Data           4  margahrs.o(.data)
    eyMagInt                                 0x20000178   Data           4  margahrs.o(.data)
    ezMagInt                                 0x2000017c   Data           4  margahrs.o(.data)
    kpAcc                                    0x20000180   Data           4  margahrs.o(.data)
    kiAcc                                    0x20000184   Data           4  margahrs.o(.data)
    q0                                       0x20000188   Data           4  margahrs.o(.data)
    q1                                       0x2000018c   Data           4  margahrs.o(.data)
    q2                                       0x20000190   Data           4  margahrs.o(.data)
    q3                                       0x20000194   Data           4  margahrs.o(.data)
    q0q0                                     0x20000198   Data           4  margahrs.o(.data)
    q0q1                                     0x2000019c   Data           4  margahrs.o(.data)
    q0q2                                     0x200001a0   Data           4  margahrs.o(.data)
    q0q3                                     0x200001a4   Data           4  margahrs.o(.data)
    q1q1                                     0x200001a8   Data           4  margahrs.o(.data)
    q1q2                                     0x200001ac   Data           4  margahrs.o(.data)
    q1q3                                     0x200001b0   Data           4  margahrs.o(.data)
    q2q2                                     0x200001b4   Data           4  margahrs.o(.data)
    q2q3                                     0x200001b8   Data           4  margahrs.o(.data)
    q3q3                                     0x200001bc   Data           4  margahrs.o(.data)
    halfT                                    0x200001c0   Data           4  margahrs.o(.data)
    MargAHRSinitialized                      0x200001c4   Data           1  margahrs.o(.data)
    accConfidenceDecay                       0x200001c8   Data           4  margahrs.o(.data)
    accConfidence                            0x200001cc   Data           4  margahrs.o(.data)
    commandInDetent                          0x200001d4   Data           3  pointingcommands.o(.data)
    previousCommandInDetent                  0x200001d7   Data           3  pointingcommands.o(.data)
    __irq_nesting_counter                    0x20000200   Data           4  drv_irq.o(.data)
    timer1timer8deadTimeRegister             0x20000208   Data           4  drv_pwmmotors.o(.data)
    timer4timer5deadTimeDelay                0x2000020c   Data           4  drv_pwmmotors.o(.data)
    oddEvenFrame                             0x20000210   Data           1  drv_pwmmotors.o(.data)
    IrqCntUart4                              0x20000214   Data           4  drv_usart.o(.data)
    TxCounter5                               0x20000218   Data           1  drv_usart.o(.data)
    count5                                   0x20000219   Data           1  drv_usart.o(.data)
    RxState5                                 0x2000021a   Data           1  drv_usart.o(.data)
    RxBufferNum5                             0x2000021b   Data           1  drv_usart.o(.data)
    RxBufferCnt5                             0x2000021c   Data           1  drv_usart.o(.data)
    RxLen5                                   0x2000021d   Data           1  drv_usart.o(.data)
    rawMag                                   0x20000220   Data           6  hmc5883.o(.data)
    magDataUpdate                            0x20000226   Data           1  hmc5883.o(.data)
    newMagData                               0x20000227   Data           1  hmc5883.o(.data)
    accelOneG                                0x20000228   Data           4  mpu6050.o(.data)
    accelData500Hz                           0x2000022c   Data           6  mpu6050.o(.data)
    rawAccel                                 0x20000232   Data           6  mpu6050.o(.data)
    gyroData500Hz                            0x20000238   Data           6  mpu6050.o(.data)
    rawGyro                                  0x2000023e   Data           6  mpu6050.o(.data)
    mpu6050Calibrating                       0x20000244   Data           1  mpu6050.o(.data)
    mpu6050Temperature                       0x20000248   Data           4  mpu6050.o(.data)
    rawMPU6050Temperature                    0x2000024c   Data           2  mpu6050.o(.data)
    cliBusy                                  0x2000024e   Data           1  cli.o(.data)
    gimbalStateEnabled                       0x20000251   Data           1  cli.o(.data)
    savedRollState                           0x20000252   Data           1  cli.o(.data)
    savedPitchState                          0x20000253   Data           1  cli.o(.data)
    savedYawState                            0x20000254   Data           1  cli.o(.data)
    verHex                                   0x20000255   Data          57  cli.o(.data)
    HSEStartUpStatus                         0x20000291   Data           1  hw_config.o(.data)
    EXTI_InitStructure                       0x20000294   Data           8  hw_config.o(.data)
    packetSent                               0x2000029c   Data           4  hw_config.o(.data)
    sendLength                               0x200002a0   Data           4  hw_config.o(.data)
    Virtual_Com_Port_StringSerial            0x200002a5   Data          26  usb_desc.o(.data)
    receiveLength                            0x200002c0   Data           4  usb_endp.o(.data)
    wIstr                                    0x200002c4   Data           2  usb_istr.o(.data)
    bIntPackSOF                              0x200002c6   Data           1  usb_istr.o(.data)
    esof_counter                             0x200002c8   Data           4  usb_istr.o(.data)
    wCNTR                                    0x200002cc   Data           4  usb_istr.o(.data)
    pEpInt_IN                                0x200002d0   Data          28  usb_istr.o(.data)
    pEpInt_OUT                               0x200002ec   Data          28  usb_istr.o(.data)
    Request                                  0x2000030c   Data           1  usb_prop.o(.data)
    linecoding                               0x20000310   Data           8  usb_prop.o(.data)
    Device_Table                             0x20000318   Data           2  usb_prop.o(.data)
    Device_Property                          0x2000031c   Data          48  usb_prop.o(.data)
    User_Standard_Requests                   0x2000034c   Data          36  usb_prop.o(.data)
    Device_Descriptor                        0x20000370   Data           8  usb_prop.o(.data)
    Config_Descriptor                        0x20000378   Data           8  usb_prop.o(.data)
    String_Descriptor                        0x20000380   Data          32  usb_prop.o(.data)
    bDeviceState                             0x200003a0   Data           4  usb_pwr.o(.data)
    fSuspendEnabled                          0x200003a4   Data           1  usb_pwr.o(.data)
    ResumeS                                  0x200003a5   Data           2  usb_pwr.o(.data)
    remotewakeupon                           0x200003a8   Data           4  usb_pwr.o(.data)
    StatusInfo                               0x200003ac   Data           2  usb_core.o(.data)
    Data_Mul_MaxPacketSize                   0x200003ae   Data           1  usb_core.o(.data)
    EPindex                                  0x200003b0   Data           1  usb_init.o(.data)
    pInformation                             0x200003b4   Data           4  usb_init.o(.data)
    pProperty                                0x200003b8   Data           4  usb_init.o(.data)
    SaveState                                0x200003bc   Data           2  usb_init.o(.data)
    wInterrupt_Mask                          0x200003be   Data           2  usb_init.o(.data)
    pUser_Standard_Requests                  0x200003c0   Data           4  usb_init.o(.data)
    SaveRState                               0x200003c4   Data           2  usb_int.o(.data)
    SaveTState                               0x200003c6   Data           2  usb_int.o(.data)
    eepromConfig                             0x200003cc   Data         324  main.o(.bss)
    sensors                                  0x20000510   Data          60  main.o(.bss)
    TIM8_ICInitStructure                     0x2000054c   Data          10  drv_rc.o(.bss)
    attitude                                 0x20000558   Data          12  drv_rc.o(.bss)
    rad                                      0x20000564   Data          12  drv_rc.o(.bss)
    pos                                      0x20000570   Data          12  drv_rc.o(.bss)
    now_dj                                   0x2000057c   Data          16  drv_rc.o(.bss)
    lastUpdate_dj                            0x2000058c   Data          16  drv_rc.o(.bss)
    now_encoder                              0x2000059c   Data          12  drv_rc.o(.bss)
    last_encoder                             0x200005a8   Data          12  drv_rc.o(.bss)
    outputRate                               0x200005c4   Data          12  computemotorcommands.o(.bss)
    pidCmd                                   0x200005d0   Data          12  computemotorcommands.o(.bss)
    pidCmdPrev                               0x200005dc   Data          12  computemotorcommands.o(.bss)
    exp_rad                                  0x200005e8   Data          12  computemotorcommands.o(.bss)
    interge                                  0x200005f4   Data          12  computemotorcommands.o(.bss)
    spd                                      0x20000600   Data          12  computemotorcommands.o(.bss)
    spd_out                                  0x2000060c   Data          12  computemotorcommands.o(.bss)
    spd_out_flt                              0x20000618   Data          12  computemotorcommands.o(.bss)
    accAngleSmooth                           0x20000630   Data          12  evvgccf.o(.bss)
    sinDataI16                               0x2000063c   Data        2048  fasttrig.o(.bss)
    firstOrderFilters                        0x20000e3c   Data         180  firstorderfilter.o(.bss)
    med_filter_tmp                           0x20000ef0   Data         800  firstorderfilter.o(.bss)
    med_filter_out                           0x20001210   Data          40  firstorderfilter.o(.bss)
    med_fil_cnt                              0x20001238   Data          10  firstorderfilter.o(.bss)
    pointingCmd                              0x20001244   Data          12  pointingcommands.o(.bss)
    rxCommand                                0x20001250   Data          12  pointingcommands.o(.bss)
    RingBufferUSBTX                          0x2000125c   Data        1040  drv_cli.o(.bss)
    maxCnt                                   0x20001690   Data          12  drv_pwmmotors.o(.bss)
    minCnt                                   0x2000169c   Data          12  drv_pwmmotors.o(.bss)
    irqCnt                                   0x200016a8   Data          12  drv_pwmmotors.o(.bss)
    Cycle_T                                  0x200016b4   Data         240  drv_timingfunctions.o(.bss)
    bldc                                     0x20001fc4   Data          88  drv_usart.o(.bss)
    TxBuffer5                                0x2000201c   Data         256  drv_usart.o(.bss)
    Rx_Buf5                                  0x2000211c   Data         256  drv_usart.o(.bss)
    RxBuffer5                                0x2000221c   Data          50  drv_usart.o(.bss)
    accelTCBias                              0x20002250   Data          12  mpu6050.o(.bss)
    gyroRTBias                               0x2000225c   Data          12  mpu6050.o(.bss)
    gyroTCBias                               0x20002268   Data          12  mpu6050.o(.bss)
    orientationMatrix                        0x20002274   Data          18  mpu6050.o(.bss)
    receiveBuffer                            0x20002286   Data          64  hw_config.o(.bss)
    EP                                       0x200022c8   Data          32  usb_pwr.o(.bss)
    Device_Info                              0x200022e8   Data          28  usb_init.o(.bss)
    __initial_sp                             0x20002708   Data           0  startup_stm32f10x_hd.o(STACK)



==============================================================================

Memory Map of the image

  Image Entry point : 0x08000131

  Load Region LR_IROM1 (Base: 0x08000000, Size: 0x00012634, Max: 0x00080000, ABSOLUTE, COMPRESSED[0x00012378])

    Execution Region ER_IROM1 (Base: 0x08000000, Size: 0x00012268, Max: 0x00080000, ABSOLUTE)

    Base Addr    Size         Type   Attr      Idx    E Section Name        Object

    0x08000000   0x00000130   Data   RO            3    RESET               startup_stm32f10x_hd.o
    0x08000130   0x00000000   Code   RO         1365  * .ARM.Collect$$$$00000000  mc_w.l(entry.o)
    0x08000130   0x00000004   Code   RO         1515    .ARM.Collect$$$$00000001  mc_w.l(entry2.o)
    0x08000134   0x00000004   Code   RO         1518    .ARM.Collect$$$$00000004  mc_w.l(entry5.o)
    0x08000138   0x00000000   Code   RO         1520    .ARM.Collect$$$$00000008  mc_w.l(entry7b.o)
    0x08000138   0x00000000   Code   RO         1522    .ARM.Collect$$$$0000000A  mc_w.l(entry8b.o)
    0x08000138   0x00000008   Code   RO         1523    .ARM.Collect$$$$0000000B  mc_w.l(entry9a.o)
    0x08000140   0x00000000   Code   RO         1525    .ARM.Collect$$$$0000000D  mc_w.l(entry10a.o)
    0x08000140   0x00000000   Code   RO         1527    .ARM.Collect$$$$0000000F  mc_w.l(entry11a.o)
    0x08000140   0x00000004   Code   RO         1516    .ARM.Collect$$$$00002712  mc_w.l(entry2.o)
    0x08000144   0x00000020   Code   RO          630    .emb_text           core_cm3.o
    0x08000164   0x00000024   Code   RO            4    .text               startup_stm32f10x_hd.o
    0x08000188   0x0000085c   Code   RO           10    .text               main.o
    0x080009e4   0x00000f38   Code   RO          270    .text               drv_rc.o
    0x0800191c   0x00000560   Code   RO          310    .text               drv_system.o
    0x08001e7c   0x00000a48   Code   RO          332    .text               computemotorcommands.o
    0x080028c4   0x000003a4   Code   RO          352    .text               stm32f10x_rcc.o
    0x08002c68   0x00000364   Code   RO          366    .text               stm32f10x_gpio.o
    0x08002fcc   0x00000408   Code   RO          378    .text               stm32f10x_usart.o
    0x080033d4   0x000000dc   Code   RO          390    .text               misc.o
    0x080034b0   0x0000044e   Code   RO          402    .text               stm32f10x_adc.o
    0x080038fe   0x00000002   PAD
    0x08003900   0x0000011c   Code   RO          498    .text               stm32f10x_exti.o
    0x08003a1c   0x000005bc   Code   RO          510    .text               stm32f10x_flash.o
    0x08003fd8   0x00000404   Code   RO          534    .text               stm32f10x_i2c.o
    0x080043dc   0x00000e1a   Code   RO          606    .text               stm32f10x_tim.o
    0x080051f6   0x00000002   PAD
    0x080051f8   0x000001e0   Code   RO          640    .text               system_stm32f10x.o
    0x080053d8   0x00000224   Code   RO          696    .text               pid.o
    0x080055fc   0x00000318   Code   RO          730    .text               config.o
    0x08005914   0x00000268   Code   RO          744    .text               evvgccf.o
    0x08005b7c   0x000000f0   Code   RO          766    .text               fasttrig.o
    0x08005c6c   0x00000568   Code   RO          784    .text               firstorderfilter.o
    0x080061d4   0x00000da4   Code   RO          802    .text               margahrs.o
    0x08006f78   0x0000047c   Code   RO          817    .text               pointingcommands.o
    0x080073f4   0x000000b0   Code   RO          836    .text               stm32_it.o
    0x080074a4   0x00000d44   Code   RO          861    .text               utilities.o
    0x080081e8   0x000001b8   Code   RO          874    .text               drv_cli.o
    0x080083a0   0x00000054   Code   RO          894    .text               drv_gpio.o
    0x080083f4   0x000007d0   Code   RO          906    .text               drv_i2c.o
    0x08008bc4   0x00000798   Code   RO          927    .text               drv_pwmmotors.o
    0x0800935c   0x000000b4   Code   RO          943    .text               drv_timingfunctions.o
    0x08009410   0x00000678   Code   RO          958    .text               drv_usart.o
    0x08009a88   0x000001b8   Code   RO          977    .text               ringbuffer.o
    0x08009c40   0x000005bc   Code   RO         1008    .text               mpu6050.o
    0x0800a1fc   0x000020fc   Code   RO         1027    .text               cli.o
    0x0800c2f8   0x000005e4   Code   RO         1045    .text               clisensor.o
    0x0800c8dc   0x00000678   Code   RO         1074    .text               mpu6050calibration.o
    0x0800cf54   0x0000025c   Code   RO         1086    .text               hw_config.o
    0x0800d1b0   0x00000034   Code   RO         1122    .text               usb_endp.o
    0x0800d1e4   0x000000b0   Code   RO         1149    .text               usb_istr.o
    0x0800d294   0x00000268   Code   RO         1167    .text               usb_prop.o
    0x0800d4fc   0x00000234   Code   RO         1190    .text               usb_pwr.o
    0x0800d730   0x00000b50   Code   RO         1209    .text               usb_core.o
    0x0800e280   0x0000003c   Code   RO         1224    .text               usb_init.o
    0x0800e2bc   0x0000033c   Code   RO         1247    .text               usb_int.o
    0x0800e5f8   0x0000005c   Code   RO         1271    .text               usb_mem.o
    0x0800e654   0x00000808   Code   RO         1283    .text               usb_regs.o
    0x0800ee5c   0x00000080   Code   RO         1295    .text               usb_sil.o
    0x0800eedc   0x00000024   Code   RO         1368    .text               mc_w.l(memcpya.o)
    0x0800ef00   0x00000024   Code   RO         1370    .text               mc_w.l(memseta.o)
    0x0800ef24   0x0000000e   Code   RO         1372    .text               mc_w.l(strlen.o)
    0x0800ef32   0x000000b0   Code   RO         1411    .text               mf_w.l(fadd.o)
    0x0800efe2   0x00000064   Code   RO         1413    .text               mf_w.l(fmul.o)
    0x0800f046   0x0000007c   Code   RO         1415    .text               mf_w.l(fdiv.o)
    0x0800f0c2   0x0000014e   Code   RO         1417    .text               mf_w.l(dadd.o)
    0x0800f210   0x000000e4   Code   RO         1419    .text               mf_w.l(dmul.o)
    0x0800f2f4   0x000000de   Code   RO         1421    .text               mf_w.l(ddiv.o)
    0x0800f3d2   0x00000012   Code   RO         1423    .text               mf_w.l(fflti.o)
    0x0800f3e4   0x0000000a   Code   RO         1425    .text               mf_w.l(ffltui.o)
    0x0800f3ee   0x00000022   Code   RO         1427    .text               mf_w.l(dflti.o)
    0x0800f410   0x0000001a   Code   RO         1429    .text               mf_w.l(dfltui.o)
    0x0800f42a   0x00000032   Code   RO         1431    .text               mf_w.l(ffixi.o)
    0x0800f45c   0x00000028   Code   RO         1433    .text               mf_w.l(ffixui.o)
    0x0800f484   0x0000003e   Code   RO         1435    .text               mf_w.l(dfixi.o)
    0x0800f4c2   0x00000026   Code   RO         1437    .text               mf_w.l(f2d.o)
    0x0800f4e8   0x00000030   Code   RO         1439    .text               mf_w.l(cdcmple.o)
    0x0800f518   0x00000030   Code   RO         1441    .text               mf_w.l(cdrcmple.o)
    0x0800f548   0x00000038   Code   RO         1443    .text               mf_w.l(d2f.o)
    0x0800f580   0x00000014   Code   RO         1445    .text               mf_w.l(cfcmple.o)
    0x0800f594   0x00000014   Code   RO         1447    .text               mf_w.l(cfrcmple.o)
    0x0800f5a8   0x0000002c   Code   RO         1532    .text               mc_w.l(uidiv.o)
    0x0800f5d4   0x00000062   Code   RO         1534    .text               mc_w.l(uldiv.o)
    0x0800f636   0x0000001e   Code   RO         1536    .text               mc_w.l(llshl.o)
    0x0800f654   0x00000020   Code   RO         1538    .text               mc_w.l(llushr.o)
    0x0800f674   0x00000024   Code   RO         1540    .text               mc_w.l(llsshr.o)
    0x0800f698   0x00000000   Code   RO         1542    .text               mc_w.l(iusefp.o)
    0x0800f698   0x0000006e   Code   RO         1543    .text               mf_w.l(fepilogue.o)
    0x0800f706   0x00000018   Code   RO         1545    .text               mf_w.l(fscalb.o)
    0x0800f71e   0x0000003c   Code   RO         1547    .text               mf_w.l(frnd.o)
    0x0800f75a   0x000000ba   Code   RO         1549    .text               mf_w.l(depilogue.o)
    0x0800f814   0x000000a2   Code   RO         1551    .text               mf_w.l(dsqrt.o)
    0x0800f8b6   0x00000002   PAD
    0x0800f8b8   0x00000088   Code   RO         1553    .text               mf_w.l(drnd.o)
    0x0800f940   0x00000030   Code   RO         1555    .text               mf_w.l(dfixul.o)
    0x0800f970   0x00000024   Code   RO         1561    .text               mc_w.l(init.o)
    0x0800f994   0x0000005e   Code   RO         1565    .text               mf_w.l(fsqrt.o)
    0x0800f9f2   0x0000002e   Code   RO         1567    .text               mf_w.l(dscalb.o)
    0x0800fa20   0x00000056   Code   RO         1577    .text               mc_w.l(__dczerorl2.o)
    0x0800fa76   0x00000002   PAD
    0x0800fa78   0x00000024   Code   RO         1382    i.__0vsnprintf      mc_w.l(printfa.o)
    0x0800fa9c   0x00000028   Code   RO         1557    i.__ARM_fpclassify  m_ws.l(fpclassify.o)
    0x0800fac4   0x00000026   Code   RO         1476    i.__ARM_fpclassifyf  m_ws.l(fpclassifyf.o)
    0x0800faea   0x00000002   PAD
    0x0800faec   0x00000008   Code   RO         1404    i.__aeabi_errno_addr  mc_w.l(errno.o)
    0x0800faf4   0x00000388   Code   RO         1493    i.__ieee754_rem_pio2  m_ws.l(rred.o)
    0x0800fe7c   0x000000fc   Code   RO         1459    i.__kernel_cos      m_ws.l(cos_i.o)
    0x0800ff78   0x000000aa   Code   RO         1559    i.__kernel_poly     m_ws.l(poly.o)
    0x08010022   0x00000002   PAD
    0x08010024   0x000000ec   Code   RO         1501    i.__kernel_sin      m_ws.l(sin_i.o)
    0x08010110   0x00000006   Code   RO         1463    i.__mathlib_dbl_infnan  m_ws.l(dunder.o)
    0x08010116   0x00000004   Code   RO         1464    i.__mathlib_dbl_infnan2  m_ws.l(dunder.o)
    0x0801011a   0x0000000c   Code   RO         1465    i.__mathlib_dbl_invalid  m_ws.l(dunder.o)
    0x08010126   0x00000002   PAD
    0x08010128   0x00000010   Code   RO         1468    i.__mathlib_dbl_underflow  m_ws.l(dunder.o)
    0x08010138   0x00000006   Code   RO         1479    i.__mathlib_flt_infnan  m_ws.l(funder.o)
    0x0801013e   0x00000004   Code   RO         1480    i.__mathlib_flt_infnan2  m_ws.l(funder.o)
    0x08010142   0x00000008   Code   RO         1481    i.__mathlib_flt_invalid  m_ws.l(funder.o)
    0x0801014a   0x0000000a   Code   RO         1484    i.__mathlib_flt_underflow  m_ws.l(funder.o)
    0x08010154   0x00000168   Code   RO         1498    i.__mathlib_rredf2  m_ws.l(rredf.o)
    0x080102bc   0x0000000e   Code   RO         1571    i.__scatterload_copy  mc_w.l(handlers.o)
    0x080102ca   0x00000002   Code   RO         1572    i.__scatterload_null  mc_w.l(handlers.o)
    0x080102cc   0x0000000e   Code   RO         1573    i.__scatterload_zeroinit  mc_w.l(handlers.o)
    0x080102da   0x00000002   PAD
    0x080102dc   0x0000000c   Code   RO         1406    i.__set_errno       mc_w.l(errno.o)
    0x080102e8   0x00000164   Code   RO         1384    i._fp_digits        mc_w.l(printfa.o)
    0x0801044c   0x000006dc   Code   RO         1385    i._printf_core      mc_w.l(printfa.o)
    0x08010b28   0x00000024   Code   RO         1386    i._printf_post_padding  mc_w.l(printfa.o)
    0x08010b4c   0x0000002e   Code   RO         1387    i._printf_pre_padding  mc_w.l(printfa.o)
    0x08010b7a   0x00000016   Code   RO         1388    i._snputc           mc_w.l(printfa.o)
    0x08010b90   0x00000124   Code   RO         1308    i.asinf             m_ws.l(asinf.o)
    0x08010cb4   0x00000220   Code   RO         1450    i.atan              m_ws.l(atan.o)
    0x08010ed4   0x00000180   Code   RO         1316    i.atan2             m_ws.l(atan2.o)
    0x08011054   0x0000025c   Code   RO         1324    i.atan2f            m_ws.l(atan2f.o)
    0x080112b0   0x0000017c   Code   RO         1332    i.cosf              m_ws.l(cosf.o)
    0x0801142c   0x00000094   Code   RO         1339    i.round             m_ws.l(round.o)
    0x080114c0   0x000000a0   Code   RO         1342    i.sin               m_ws.l(sin.o)
    0x08011560   0x00000188   Code   RO         1350    i.sinf              m_ws.l(sinf.o)
    0x080116e8   0x0000004c   Code   RO         1358    i.sqrt              m_ws.l(sqrt.o)
    0x08011734   0x0000002c   Code   RO         1508    i.sqrtf             m_ws.l(sqrtf.o)
    0x08011760   0x000000b1   Data   RO         1109    .constdata          usb_desc.o
    0x08011811   0x00000007   PAD
    0x08011818   0x00000098   Data   RO         1451    .constdata          m_ws.l(atan.o)
    0x080118b0   0x00000030   Data   RO         1460    .constdata          m_ws.l(cos_i.o)
    0x080118e0   0x00000008   Data   RO         1492    .constdata          m_ws.l(qnan.o)
    0x080118e8   0x000000c8   Data   RO         1495    .constdata          m_ws.l(rred.o)
    0x080119b0   0x00000020   Data   RO         1499    .constdata          m_ws.l(rredf.o)
    0x080119d0   0x00000028   Data   RO         1502    .constdata          m_ws.l(sin_i.o)
    0x080119f8   0x00000637   Data   RO         1028    .conststring        cli.o
    0x0801202f   0x00000001   PAD
    0x08012030   0x00000218   Data   RO         1046    .conststring        clisensor.o
    0x08012248   0x00000020   Data   RO         1569    Region$$Table       anon$$obj.o


    Execution Region RW_IRAM1 (Base: 0x20000000, Size: 0x00002708, Max: 0x00010000, ABSOLUTE, COMPRESSED[0x00000110])

    Base Addr    Size         Type   Attr      Idx    E Section Name        Object

    0x20000000   0x00000021   Data   RW           12    .data               main.o
    0x20000021   0x00000003   PAD
    0x20000024   0x00000042   Data   RW          272    .data               drv_rc.o
    0x20000066   0x00000002   PAD
    0x20000068   0x0000006d   Data   RW          311    .data               drv_system.o
    0x200000d5   0x00000003   PAD
    0x200000d8   0x00000044   Data   RW          334    .data               computemotorcommands.o
    0x2000011c   0x00000014   Data   RW          353    .data               stm32f10x_rcc.o
    0x20000130   0x00000014   Data   RW          641    .data               system_stm32f10x.o
    0x20000144   0x00000008   Data   RW          697    .data               pid.o
    0x2000014c   0x00000001   Data   RW          731    .data               config.o
    0x2000014d   0x00000003   PAD
    0x20000150   0x00000084   Data   RW          803    .data               margahrs.o
    0x200001d4   0x00000006   Data   RW          819    .data               pointingcommands.o
    0x200001da   0x00000002   PAD
    0x200001dc   0x00000004   Data   RW          862    .data               utilities.o
    0x200001e0   0x00000008   Data   RW          876    .data               drv_cli.o
    0x200001e8   0x00000017   Data   RW          907    .data               drv_i2c.o
    0x200001ff   0x00000001   PAD
    0x20000200   0x00000004   Data   RW          920    .data               drv_irq.o
    0x20000204   0x0000000d   Data   RW          929    .data               drv_pwmmotors.o
    0x20000211   0x00000003   PAD
    0x20000214   0x0000000c   Data   RW          960    .data               drv_usart.o
    0x20000220   0x00000008   Data   RW          991    .data               hmc5883.o
    0x20000228   0x00000026   Data   RW         1010    .data               mpu6050.o
    0x2000024e   0x00000040   Data   RW         1029    .data               cli.o
    0x2000028e   0x00000002   PAD
    0x20000290   0x00000015   Data   RW         1088    .data               hw_config.o
    0x200002a5   0x0000001a   Data   RW         1110    .data               usb_desc.o
    0x200002bf   0x00000001   PAD
    0x200002c0   0x00000004   Data   RW         1123    .data               usb_endp.o
    0x200002c4   0x00000044   Data   RW         1150    .data               usb_istr.o
    0x20000308   0x00000098   Data   RW         1168    .data               usb_prop.o
    0x200003a0   0x0000000c   Data   RW         1192    .data               usb_pwr.o
    0x200003ac   0x00000003   Data   RW         1210    .data               usb_core.o
    0x200003af   0x00000001   PAD
    0x200003b0   0x00000014   Data   RW         1226    .data               usb_init.o
    0x200003c4   0x00000004   Data   RW         1248    .data               usb_int.o
    0x200003c8   0x00000004   Data   RW         1407    .data               mc_w.l(errno.o)
    0x200003cc   0x00000180   Zero   RW           11    .bss                main.o
    0x2000054c   0x00000078   Zero   RW          271    .bss                drv_rc.o
    0x200005c4   0x0000006c   Zero   RW          333    .bss                computemotorcommands.o
    0x20000630   0x0000000c   Zero   RW          745    .bss                evvgccf.o
    0x2000063c   0x00000800   Zero   RW          767    .bss                fasttrig.o
    0x20000e3c   0x00000406   Zero   RW          785    .bss                firstorderfilter.o
    0x20001242   0x00000002   PAD
    0x20001244   0x00000018   Zero   RW          818    .bss                pointingcommands.o
    0x2000125c   0x00000410   Zero   RW          875    .bss                drv_cli.o
    0x2000166c   0x00000048   Zero   RW          928    .bss                drv_pwmmotors.o
    0x200016b4   0x000000f0   Zero   RW          944    .bss                drv_timingfunctions.o
    0x200017a4   0x00000aaa   Zero   RW          959    .bss                drv_usart.o
    0x2000224e   0x00000002   PAD
    0x20002250   0x00000036   Zero   RW         1009    .bss                mpu6050.o
    0x20002286   0x00000040   Zero   RW         1087    .bss                hw_config.o
    0x200022c6   0x00000002   PAD
    0x200022c8   0x00000020   Zero   RW         1191    .bss                usb_pwr.o
    0x200022e8   0x0000001c   Zero   RW         1225    .bss                usb_init.o
    0x20002304   0x00000004   PAD
    0x20002308   0x00000400   Zero   RW            1    STACK               startup_stm32f10x_hd.o


==============================================================================

Image component sizes


      Code (inc. data)   RO Data    RW Data    ZI Data      Debug   Object Name

      8444       3456       1591         64          0       3899   cli.o
      1508        668        536          0          0        860   clisensor.o
      2632        244          0         68        108       3066   computemotorcommands.o
       792         80          0          1          0       1388   config.o
        32          0          0          0          0        500   core_cm3.o
       440         36          0          8       1040       3384   drv_cli.o
        84          4          0          0          0        471   drv_gpio.o
      2000        102          0         23          0       4541   drv_i2c.o
         0          0          0          4          0        228   drv_irq.o
      1944        126          0         13         72       7332   drv_pwmmotors.o
      3896        258          0         66        120      23864   drv_rc.o
      1376        470          0        109          0      20261   drv_system.o
       180         10          0          0        240       1424   drv_timingfunctions.o
      1656         68          0         12       2730       5982   drv_usart.o
       616         34          0          0         12       1506   evvgccf.o
       240         14          0          0       2048       1240   fasttrig.o
      1384         34          0          0       1030       2988   firstorderfilter.o
         0          0          0          8          0        937   hmc5883.o
       604         54          0         21         64       5465   hw_config.o
      2140        312          0         33        384     295040   main.o
      3492        296          0        132          0       3942   margahrs.o
       220         22          0          0          0       1685   misc.o
      1468         80          0         38         54       4244   mpu6050.o
      1656        330          0          0          0       1077   mpu6050calibration.o
       548         16          0          8          0       2762   pid.o
      1148         64          0          6         24       1506   pointingcommands.o
       440          0          0          0          0       2558   ringbuffer.o
        36          8        304          0       1024        808   startup_stm32f10x_hd.o
       176        108          0          0          0       1822   stm32_it.o
      1102         26          0          0          0      10929   stm32f10x_adc.o
       284         10          0          0          0       2147   stm32f10x_exti.o
      1468         34          0          0          0       8098   stm32f10x_flash.o
       868         38          0          0          0       5801   stm32f10x_gpio.o
      1028         16          0          0          0       9115   stm32f10x_i2c.o
       932         36          0         20          0       8760   stm32f10x_rcc.o
      3610         88          0          0          0      22732   stm32f10x_tim.o
      1032         22          0          0          0       8344   stm32f10x_usart.o
       480         38          0         20          0       1695   system_stm32f10x.o
         0          0          0          0          0        564   usart1.o
      2896        114          0          3          0       8123   usb_core.o
         0          0        177         26          0       1011   usb_desc.o
        52         14          0          4          0       1215   usb_endp.o
        60         24          0         20         28       4102   usb_init.o
       828         34          0          4          0       1915   usb_int.o
       176         22          0         68          0       1259   usb_istr.o
        92          6          0          0          0       1422   usb_mem.o
       616         44          0        152          0       7387   usb_prop.o
       564         40          0         12         32       2827   usb_pwr.o
      2056         20          0          0          0      11997   usb_regs.o
       128          8          0          0          0       1486   usb_sil.o
      3396         42          0          4          0       4652   utilities.o

    ----------------------------------------------------------------------
     60824       7570       2648        968       9020     530361   Object Totals
         0          0         32          0          0          0   (incl. Generated)
         4          0          8         21         10          0   (incl. Padding)

    ----------------------------------------------------------------------

      Code (inc. data)   RO Data    RW Data    ZI Data      Debug   Library Member Name

       292         38          0          0          0        120   asinf.o
       544         70        152          0          0        124   atan.o
       384         38          0          0          0        144   atan2.o
       604         76          0          0          0        116   atan2f.o
       252         22         48          0          0        124   cos_i.o
       380         52          0          0          0        124   cosf.o
        38          6          0          0          0        272   dunder.o
        40          0          0          0          0         68   fpclassify.o
        38          0          0          0          0         68   fpclassifyf.o
        28          0          0          0          0        272   funder.o
       170          0          0          0          0         96   poly.o
         0          0          8          0          0          0   qnan.o
       148         12          0          0          0         88   round.o
       904         76        200          0          0        140   rred.o
       360         16         32          0          0         88   rredf.o
       160         10          0          0          0        108   sin.o
       236         12         40          0          0        128   sin_i.o
       392         54          0          0          0        124   sinf.o
        76          0          0          0          0         84   sqrt.o
        44          0          0          0          0         80   sqrtf.o
        86          0          0          0          0          0   __dczerorl2.o
         0          0          0          0          0          0   entry.o
         0          0          0          0          0          0   entry10a.o
         0          0          0          0          0          0   entry11a.o
         8          4          0          0          0          0   entry2.o
         4          0          0          0          0          0   entry5.o
         0          0          0          0          0          0   entry7b.o
         0          0          0          0          0          0   entry8b.o
         8          4          0          0          0          0   entry9a.o
        20         10          0          4          0        136   errno.o
        30          0          0          0          0          0   handlers.o
        36          8          0          0          0         68   init.o
         0          0          0          0          0          0   iusefp.o
        30          0          0          0          0         68   llshl.o
        36          0          0          0          0         68   llsshr.o
        32          0          0          0          0         68   llushr.o
        36          0          0          0          0         68   memcpya.o
        36          0          0          0          0        108   memseta.o
      2252         84          0          0          0        508   printfa.o
        14          0          0          0          0         68   strlen.o
        44          0          0          0          0         80   uidiv.o
        98          0          0          0          0         92   uldiv.o
        48          0          0          0          0         68   cdcmple.o
        48          0          0          0          0         68   cdrcmple.o
        20          0          0          0          0         68   cfcmple.o
        20          0          0          0          0         68   cfrcmple.o
        56          0          0          0          0         88   d2f.o
       334          0          0          0          0        148   dadd.o
       222          0          0          0          0        100   ddiv.o
       186          0          0          0          0        176   depilogue.o
        62          0          0          0          0         80   dfixi.o
        48          0          0          0          0         68   dfixul.o
        34          0          0          0          0         76   dflti.o
        26          0          0          0          0         76   dfltui.o
       228          0          0          0          0         96   dmul.o
       136          4          0          0          0         92   drnd.o
        46          0          0          0          0         80   dscalb.o
       162          0          0          0          0        100   dsqrt.o
        38          0          0          0          0         68   f2d.o
       176          0          0          0          0        140   fadd.o
       124          0          0          0          0         88   fdiv.o
       110          0          0          0          0        168   fepilogue.o
        50          0          0          0          0         68   ffixi.o
        40          0          0          0          0         68   ffixui.o
        18          0          0          0          0         68   fflti.o
        10          0          0          0          0         68   ffltui.o
       100          0          0          0          0         76   fmul.o
        60          0          0          0          0         76   frnd.o
        24          0          0          0          0         68   fscalb.o
        94          0          0          0          0         96   fsqrt.o

    ----------------------------------------------------------------------
     10392        596        480          4          0       6204   Library Totals
        12          0          0          0          0          0   (incl. Padding)

    ----------------------------------------------------------------------

      Code (inc. data)   RO Data    RW Data    ZI Data      Debug   Library Name

      5090        482        480          0          0       2368   m_ws.l
      2770        110          0          4          0       1332   mc_w.l
      2520          4          0          0          0       2504   mf_w.l

    ----------------------------------------------------------------------
     10392        596        480          4          0       6204   Library Totals

    ----------------------------------------------------------------------

==============================================================================


      Code (inc. data)   RO Data    RW Data    ZI Data      Debug   

     71216       8166       3128        972       9020     528685   Grand Totals
     71216       8166       3128        272       9020     528685   ELF Image Totals (compressed)
     71216       8166       3128        272          0          0   ROM Totals

==============================================================================

    Total RO  Size (Code + RO Data)                74344 (  72.60kB)
    Total RW  Size (RW Data + ZI Data)              9992 (   9.76kB)
    Total ROM Size (Code + RO Data + RW Data)      74616 (  72.87kB)

==============================================================================

