Component: ARM Compiler 5.06 update 2 (build 183) Tool: armlink [4d35b7]

==============================================================================

Section Cross References

    startup_stm32f10x_hd.o(RESET) refers to startup_stm32f10x_hd.o(STACK) for __initial_sp
    startup_stm32f10x_hd.o(RESET) refers to startup_stm32f10x_hd.o(.text) for Reset_Handler
    startup_stm32f10x_hd.o(RESET) refers to stm32_it.o(.text) for NMI_Handler
    startup_stm32f10x_hd.o(RESET) refers to drv_system.o(.text) for SysTick_Handler
    startup_stm32f10x_hd.o(RESET) refers to drv_rc.o(.text) for EXTI3_IRQHandler
    startup_stm32f10x_hd.o(RESET) refers to drv_pwmmotors.o(.text) for TIM2_IRQHandler
    startup_stm32f10x_hd.o(RESET) refers to drv_i2c.o(.text) for I2C1_EV_IRQHandler
    startup_stm32f10x_hd.o(RESET) refers to drv_usart.o(.text) for UART4_IRQHandler
    startup_stm32f10x_hd.o(.text) refers to system_stm32f10x.o(.text) for SystemInit
    startup_stm32f10x_hd.o(.text) refers to entry.o(.ARM.Collect$$$$00000000) for __main
    main.o(.text) refers to drv_system.o(.text) for systemInit
    main.o(.text) refers to evvgccf.o(.text) for initOrientation
    main.o(.text) refers to pointingcommands.o(.text) for processPointingCommands
    main.o(.text) refers to drv_usart.o(.text) for Send_BLDC
    main.o(.text) refers to cli.o(.text) for cliCom
    main.o(.text) refers to f2d.o(.text) for __aeabi_f2d
    main.o(.text) refers to ddiv.o(.text) for __aeabi_ddiv
    main.o(.text) refers to sin.o(i.sin) for sin
    main.o(.text) refers to dmul.o(.text) for __aeabi_dmul
    main.o(.text) refers to dadd.o(.text) for __aeabi_dadd
    main.o(.text) refers to d2f.o(.text) for __aeabi_d2f
    main.o(.text) refers to cfrcmple.o(.text) for __aeabi_cfrcmple
    main.o(.text) refers to stm32f10x_tim.o(.text) for TIM_Cmd
    main.o(.text) refers to ffltui.o(.text) for __aeabi_ui2f
    main.o(.text) refers to fmul.o(.text) for __aeabi_fmul
    main.o(.text) refers to fflti.o(.text) for __aeabi_i2f
    main.o(.text) refers to fadd.o(.text) for __aeabi_fsub
    main.o(.text) refers to firstorderfilter.o(.text) for firstOrderFilter
    main.o(.text) refers to margahrs.o(.text) for MargAHRSupdate
    main.o(.text) refers to computemotorcommands.o(.text) for computeMotorCommands
    main.o(.text) refers to cfcmple.o(.text) for __aeabi_cfcmpeq
    main.o(.text) refers to drv_system.o(.data) for systemReady
    main.o(.text) refers to main.o(.data) for test
    main.o(.text) refers to computemotorcommands.o(.data) for exp_angle
    main.o(.text) refers to mpu6050.o(.data) for accelData500Hz
    main.o(.text) refers to mpu6050.o(.bss) for accelTCBias
    main.o(.text) refers to main.o(.bss) for sensors
    main.o(.text) refers to evvgccf.o(.bss) for accAngleSmooth
    main.o(.text) refers to firstorderfilter.o(.bss) for firstOrderFilters
    main.o(.text) refers to hmc5883.o(.data) for magDataUpdate
    main.o(.text) refers to drv_rc.o(.data) for TIM2CH1_CAPTURE_STA
    main.o(.text) refers to drv_usart.o(.bss) for bldc
    main.o(.text) refers to computemotorcommands.o(.bss) for spd
    main.o(.text) refers to stm32f10x_gpio.o(.text) for GPIO_ToggleBits
    usart1.o(.text) refers to stm32f10x_rcc.o(.text) for RCC_APB2PeriphClockCmd
    usart1.o(.text) refers to stm32f10x_gpio.o(.text) for GPIO_Init
    usart1.o(.text) refers to stm32f10x_usart.o(.text) for USART_Init
    usart1.o(.text) refers to misc.o(.text) for NVIC_PriorityGroupConfig
    usart1.o(.text) refers to printfa.o(i.__0vsnprintf) for vsnprintf
    stm32f10x_rcc.o(.text) refers to stm32f10x_rcc.o(.data) for APBAHBPrescTable
    stm32f10x_gpio.o(.text) refers to stm32f10x_rcc.o(.text) for RCC_APB2PeriphResetCmd
    stm32f10x_usart.o(.text) refers to stm32f10x_rcc.o(.text) for RCC_APB2PeriphResetCmd
    stm32f10x_adc.o(.text) refers to stm32f10x_rcc.o(.text) for RCC_APB2PeriphResetCmd
    stm32f10x_bkp.o(.text) refers to stm32f10x_rcc.o(.text) for RCC_BackupResetCmd
    stm32f10x_can.o(.text) refers to stm32f10x_rcc.o(.text) for RCC_APB1PeriphResetCmd
    stm32f10x_cec.o(.text) refers to stm32f10x_rcc.o(.text) for RCC_APB1PeriphResetCmd
    stm32f10x_dac.o(.text) refers to stm32f10x_rcc.o(.text) for RCC_APB1PeriphResetCmd
    stm32f10x_i2c.o(.text) refers to stm32f10x_rcc.o(.text) for RCC_APB1PeriphResetCmd
    stm32f10x_pwr.o(.text) refers to stm32f10x_rcc.o(.text) for RCC_APB1PeriphResetCmd
    stm32f10x_spi.o(.text) refers to stm32f10x_rcc.o(.text) for RCC_APB2PeriphResetCmd
    stm32f10x_tim.o(.text) refers to stm32f10x_rcc.o(.text) for RCC_APB2PeriphResetCmd
    stm32f10x_wwdg.o(.text) refers to stm32f10x_rcc.o(.text) for RCC_APB1PeriphResetCmd
    system_stm32f10x.o(.text) refers to system_stm32f10x.o(.data) for SystemCoreClock
    pid.o(.text) refers to fadd.o(.text) for __aeabi_fsub
    pid.o(.text) refers to utilities.o(.text) for standardRadianFormat
    pid.o(.text) refers to fmul.o(.text) for __aeabi_fmul
    pid.o(.text) refers to fdiv.o(.text) for __aeabi_fdiv
[...]
    FLASH_ClearFlag                          0x08001a95   Thumb Code     6  stm32f10x_flash.o(.text)
    FLASH_GetStatus                          0x08001a9b   Thumb Code    48  stm32f10x_flash.o(.text)
    I2C_DeInit                               0x08001add   Thumb Code    50  stm32f10x_i2c.o(.text)
    I2C_Init                                 0x08001b0f   Thumb Code   222  stm32f10x_i2c.o(.text)
    I2C_StructInit                           0x08001bed   Thumb Code    30  stm32f10x_i2c.o(.text)
    I2C_Cmd                                  0x08001c0b   Thumb Code    24  stm32f10x_i2c.o(.text)
    I2C_DMACmd                               0x08001c23   Thumb Code    24  stm32f10x_i2c.o(.text)
    I2C_DMALastTransferCmd                   0x08001c3b   Thumb Code    24  stm32f10x_i2c.o(.text)
    I2C_GenerateSTART                        0x08001c53   Thumb Code    24  stm32f10x_i2c.o(.text)
    I2C_GenerateSTOP                         0x08001c6b   Thumb Code    24  stm32f10x_i2c.o(.text)
    I2C_AcknowledgeConfig                    0x08001c83   Thumb Code    24  stm32f10x_i2c.o(.text)
    I2C_OwnAddress2Config                    0x08001c9b   Thumb Code    22  stm32f10x_i2c.o(.text)
    I2C_DualAddressCmd                       0x08001cb1   Thumb Code    24  stm32f10x_i2c.o(.text)
    I2C_GeneralCallCmd                       0x08001cc9   Thumb Code    24  stm32f10x_i2c.o(.text)
    I2C_ITConfig                             0x08001ce1   Thumb Code    18  stm32f10x_i2c.o(.text)
    I2C_SendData                             0x08001cf3   Thumb Code     4  stm32f10x_i2c.o(.text)
    I2C_ReceiveData                          0x08001cf7   Thumb Code     8  stm32f10x_i2c.o(.text)
    I2C_Send7bitAddress                      0x08001cff   Thumb Code    18  stm32f10x_i2c.o(.text)
    I2C_ReadRegister                         0x08001d11   Thumb Code    22  stm32f10x_i2c.o(.text)
    I2C_SoftwareResetCmd                     0x08001d27   Thumb Code    22  stm32f10x_i2c.o(.text)
    I2C_NACKPositionConfig                   0x08001d3d   Thumb Code    28  stm32f10x_i2c.o(.text)
    I2C_SMBusAlertConfig                     0x08001d59   Thumb Code    28  stm32f10x_i2c.o(.text)
    I2C_TransmitPEC                          0x08001d75   Thumb Code    24  stm32f10x_i2c.o(.text)
    I2C_PECPositionConfig                    0x08001d8d   Thumb Code    28  stm32f10x_i2c.o(.text)
    I2C_CalculatePEC                         0x08001da9   Thumb Code    24  stm32f10x_i2c.o(.text)
    I2C_GetPEC                               0x08001dc1   Thumb Code     8  stm32f10x_i2c.o(.text)
    I2C_ARPCmd                               0x08001dc9   Thumb Code    24  stm32f10x_i2c.o(.text)
    I2C_StretchClockCmd                      0x08001de1   Thumb Code    24  stm32f10x_i2c.o(.text)
    I2C_FastModeDutyCycleConfig              0x08001df9   Thumb Code    28  stm32f10x_i2c.o(.text)
    I2C_CheckEvent                           0x08001e15   Thumb Code    42  stm32f10x_i2c.o(.text)
    I2C_GetLastEvent                         0x08001e3f   Thumb Code    26  stm32f10x_i2c.o(.text)
    I2C_GetFlagStatus                        0x08001e59   Thumb Code    58  stm32f10x_i2c.o(.text)
    I2C_ClearFlag                            0x08001e93   Thumb Code    12  stm32f10x_i2c.o(.text)
    I2C_GetITStatus                          0x08001e9f   Thumb Code    54  stm32f10x_i2c.o(.text)
    I2C_ClearITPendingBit                    0x08001ed5   Thumb Code    12  stm32f10x_i2c.o(.text)
    TIM_DeInit                               0x08001ee1   Thumb Code   424  stm32f10x_tim.o(.text)
    TIM_TimeBaseInit                         0x08002089   Thumb Code   122  stm32f10x_tim.o(.text)
    TIM_OC1Init                              0x08002103   Thumb Code   132  stm32f10x_tim.o(.text)
    TIM_OC2Init                              0x08002187   Thumb Code   154  stm32f10x_tim.o(.text)
    TIM_OC3Init                              0x08002221   Thumb Code   150  stm32f10x_tim.o(.text)
    TIM_OC4Init                              0x080022b7   Thumb Code   182  stm32f10x_tim.o(.text)
    TIM_SetIC4Prescaler                      0x0800236d   Thumb Code    26  stm32f10x_tim.o(.text)
    TIM_SetIC3Prescaler                      0x08002409   Thumb Code    18  stm32f10x_tim.o(.text)
    TIM_SetIC2Prescaler                      0x08002495   Thumb Code    26  stm32f10x_tim.o(.text)
    TIM_SetIC1Prescaler                      0x08002531   Thumb Code    18  stm32f10x_tim.o(.text)
    TIM_ICInit                               0x080025af   Thumb Code   150  stm32f10x_tim.o(.text)
    TIM_PWMIConfig                           0x08002645   Thumb Code   124  stm32f10x_tim.o(.text)
    TIM_BDTRConfig                           0x080026c1   Thumb Code    32  stm32f10x_tim.o(.text)
    TIM_TimeBaseStructInit                   0x080026e1   Thumb Code    18  stm32f10x_tim.o(.text)
    TIM_OCStructInit                         0x080026f3   Thumb Code    20  stm32f10x_tim.o(.text)
    TIM_ICStructInit                         0x08002707   Thumb Code    18  stm32f10x_tim.o(.text)
    TIM_BDTRStructInit                       0x08002719   Thumb Code    40  stm32f10x_tim.o(.text)
    TIM_Cmd                                  0x08002741   Thumb Code    24  stm32f10x_tim.o(.text)
    TIM_CtrlPWMOutputs                       0x08002759   Thumb Code    30  stm32f10x_tim.o(.text)
    TIM_ITConfig                             0x08002777   Thumb Code    18  stm32f10x_tim.o(.text)
    TIM_GenerateEvent                        0x08002789   Thumb Code     4  stm32f10x_tim.o(.text)
    TIM_DMAConfig                            0x0800278d   Thumb Code    10  stm32f10x_tim.o(.text)
    TIM_DMACmd                               0x08002797   Thumb Code    18  stm32f10x_tim.o(.text)
    TIM_InternalClockConfig                  0x080027a9   Thumb Code    12  stm32f10x_tim.o(.text)
    TIM_SelectInputTrigger                   0x080027b5   Thumb Code    18  stm32f10x_tim.o(.text)
    TIM_ITRxExternalClockConfig              0x080027c7   Thumb Code    24  stm32f10x_tim.o(.text)
    TIM_TIxExternalClockConfig               0x080027df   Thumb Code    62  stm32f10x_tim.o(.text)
    TIM_ETRConfig                            0x0800281d   Thumb Code    28  stm32f10x_tim.o(.text)
    TIM_ETRClockMode1Config                  0x08002839   Thumb Code    54  stm32f10x_tim.o(.text)
    TIM_ETRClockMode2Config                  0x0800286f   Thumb Code    32  stm32f10x_tim.o(.text)
    TIM_PrescalerConfig                      0x0800288f   Thumb Code     6  stm32f10x_tim.o(.text)
    TIM_CounterModeConfig                    0x08002895   Thumb Code    18  stm32f10x_tim.o(.text)
    TIM_EncoderInterfaceConfig               0x080028a7   Thumb Code    66  stm32f10x_tim.o(.text)
    TIM_ForcedOC1Config                      0x080028e9   Thumb Code    18  stm32f10x_tim.o(.text)
    TIM_ForcedOC2Config                      0x080028fb   Thumb Code    26  stm32f10x_tim.o(.text)
    TIM_ForcedOC3Config                      0x08002915   Thumb Code    18  stm32f10x_tim.o(.text)
    TIM_ForcedOC4Config                      0x08002927   Thumb Code    26  stm32f10x_tim.o(.text)
    TIM_ARRPreloadConfig                     0x08002941   Thumb Code    24  stm32f10x_tim.o(.text)
    TIM_SelectCOM                            0x08002959   Thumb Code    24  stm32f10x_tim.o(.text)
    TIM_SelectCCDMA                          0x08002971   Thumb Code    24  stm32f10x_tim.o(.text)
    TIM_CCPreloadControl                     0x08002989   Thumb Code    24  stm32f10x_tim.o(.text)
    TIM_OC1PreloadConfig                     0x080029a1   Thumb Code    18  stm32f10x_tim.o(.text)
    TIM_OC2PreloadConfig                     0x080029b3   Thumb Code    26  stm32f10x_tim.o(.text)
    TIM_OC3PreloadConfig                     0x080029cd   Thumb Code    18  stm32f10x_tim.o(.text)
    TIM_OC4PreloadConfig                     0x080029df   Thumb Code    26  stm32f10x_tim.o(.text)
    TIM_OC1FastConfig                        0x080029f9   Thumb Code    18  stm32f10x_tim.o(.text)
    TIM_OC2FastConfig                        0x08002a0b   Thumb Code    26  stm32f10x_tim.o(.text)
    TIM_OC3FastConfig                        0x08002a25   Thumb Code    18  stm32f10x_tim.o(.text)
    TIM_OC4FastConfig                        0x08002a37   Thumb Code    26  stm32f10x_tim.o(.text)
    TIM_ClearOC1Ref                          0x08002a51   Thumb Code    18  stm32f10x_tim.o(.text)
    TIM_ClearOC2Ref                          0x08002a63   Thumb Code    24  stm32f10x_tim.o(.text)
    TIM_ClearOC3Ref                          0x08002a7b   Thumb Code    18  stm32f10x_tim.o(.text)
    TIM_ClearOC4Ref                          0x08002a8d   Thumb Code    24  stm32f10x_tim.o(.text)
    TIM_OC1PolarityConfig                    0x08002aa5   Thumb Code    18  stm32f10x_tim.o(.text)
    TIM_OC1NPolarityConfig                   0x08002ab7   Thumb Code    18  stm32f10x_tim.o(.text)
    TIM_OC2PolarityConfig                    0x08002ac9   Thumb Code    26  stm32f10x_tim.o(.text)
    TIM_OC2NPolarityConfig                   0x08002ae3   Thumb Code    26  stm32f10x_tim.o(.text)
    TIM_OC3PolarityConfig                    0x08002afd   Thumb Code    26  stm32f10x_tim.o(.text)
    TIM_OC3NPolarityConfig                   0x08002b17   Thumb Code    26  stm32f10x_tim.o(.text)
    TIM_OC4PolarityConfig                    0x08002b31   Thumb Code    26  stm32f10x_tim.o(.text)
    TIM_CCxCmd                               0x08002b4b   Thumb Code    30  stm32f10x_tim.o(.text)
    TIM_CCxNCmd                              0x08002b69   Thumb Code    30  stm32f10x_tim.o(.text)
    TIM_SelectOCxM                           0x08002b87   Thumb Code    82  stm32f10x_tim.o(.text)
    TIM_UpdateDisableConfig                  0x08002bd9   Thumb Code    24  stm32f10x_tim.o(.text)
    TIM_UpdateRequestConfig                  0x08002bf1   Thumb Code    24  stm32f10x_tim.o(.text)
    TIM_SelectHallSensor                     0x08002c09   Thumb Code    24  stm32f10x_tim.o(.text)
    TIM_SelectOnePulseMode                   0x08002c21   Thumb Code    18  stm32f10x_tim.o(.text)
    TIM_SelectOutputTrigger                  0x08002c33   Thumb Code    18  stm32f10x_tim.o(.text)
    TIM_SelectSlaveMode                      0x08002c45   Thumb Code    18  stm32f10x_tim.o(.text)
    TIM_SelectMasterSlaveMode                0x08002c57   Thumb Code    18  stm32f10x_tim.o(.text)
    TIM_SetCounter                           0x08002c69   Thumb Code     4  stm32f10x_tim.o(.text)
    TIM_SetAutoreload                        0x08002c6d   Thumb Code     4  stm32f10x_tim.o(.text)
    TIM_SetCompare1                          0x08002c71   Thumb Code     4  stm32f10x_tim.o(.text)
    TIM_SetCompare2                          0x08002c75   Thumb Code     4  stm32f10x_tim.o(.text)
    TIM_SetCompare3                          0x08002c79   Thumb Code     4  stm32f10x_tim.o(.text)
    TIM_SetCompare4                          0x08002c7d   Thumb Code     6  stm32f10x_tim.o(.text)
    TIM_SetClockDivision                     0x08002c83   Thumb Code    18  stm32f10x_tim.o(.text)
    TIM_GetCapture1                          0x08002c95   Thumb Code     6  stm32f10x_tim.o(.text)
    TIM_GetCapture2                          0x08002c9b   Thumb Code     6  stm32f10x_tim.o(.text)
    TIM_GetCapture3                          0x08002ca1   Thumb Code     6  stm32f10x_tim.o(.text)
    TIM_GetCapture4                          0x08002ca7   Thumb Code     8  stm32f10x_tim.o(.text)
    TIM_GetCounter                           0x08002caf   Thumb Code     6  stm32f10x_tim.o(.text)
    TIM_GetPrescaler                         0x08002cb5   Thumb Code     6  stm32f10x_tim.o(.text)
    TIM_GetFlagStatus                        0x08002cbb   Thumb Code    18  stm32f10x_tim.o(.text)
    TIM_ClearFlag                            0x08002ccd   Thumb Code     6  stm32f10x_tim.o(.text)
    TIM_GetITStatus                          0x08002cd3   Thumb Code    34  stm32f10x_tim.o(.text)
    TIM_ClearITPendingBit                    0x08002cf5   Thumb Code     6  stm32f10x_tim.o(.text)
    SystemInit                               0x08002ddb   Thumb Code    78  system_stm32f10x.o(.text)
    SystemCoreClockUpdate                    0x08002e29   Thumb Code   142  system_stm32f10x.o(.text)
    initPID                                  0x08002edd   Thumb Code    70  pid.o(.text)
    updatePID                                0x08002f23   Thumb Code   362  pid.o(.text)
    setPIDintegralError                      0x0800308d   Thumb Code    14  pid.o(.text)
    zeroPIDintegralError                     0x0800309b   Thumb Code    24  pid.o(.text)
    setPIDstates                             0x080030b3   Thumb Code    38  pid.o(.text)
    zeroPIDstates                            0x080030d9   Thumb Code    24  pid.o(.text)
    autoPan                                  0x08003101   Thumb Code   156  computemotorcommands.o(.text)
    position_control                         0x0800319d   Thumb Code   374  computemotorcommands.o(.text)
    computeMotorCommands                     0x08003313   Thumb Code  1446  computemotorcommands.o(.text)
    readEEPROM                               0x080038f5   Thumb Code   160  config.o(.text)
    writeEEPROM                              0x08003995   Thumb Code    66  config.o(.text)
    checkFirstTime                           0x080039d7   Thumb Code   486  config.o(.text)
    initOrientation                          0x08003c0d   Thumb Code   272  evvgccf.o(.text)
    getOrientation                           0x08003d1d   Thumb Code   312  evvgccf.o(.text)
    initSinArray                             0x08003e75   Thumb Code    86  fasttrig.o(.text)
    fastSin                                  0x08003ecb   Thumb Code   140  fasttrig.o(.text)
    initFirstOrderFilter                     0x08003f65   Thumb Code  1112  firstorderfilter.o(.text)
    firstOrderFilter                         0x080043bd   Thumb Code    64  firstorderfilter.o(.text)
    Moving_Median                            0x080043fd   Thumb Code   194  firstorderfilter.o(.text)
    calculateAccConfidence                   0x080044cd   Thumb Code   146  margahrs.o(.text)
    MargAHRSinit                             0x0800455f   Thumb Code   600  margahrs.o(.text)
    MargAHRSupdate                           0x080047b7   Thumb Code  2718  margahrs.o(.text)
    processPointingCommands                  0x08005271   Thumb Code  1132  pointingcommands.o(.text)
    NMI_Handler                              0x080056ed   Thumb Code     2  stm32_it.o(.text)
    HardFault_Handler                        0x080056ef   Thumb Code    10  stm32_it.o(.text)
    MemManage_Handler                        0x080056f9   Thumb Code    10  stm32_it.o(.text)
    BusFault_Handler                         0x08005703   Thumb Code    10  stm32_it.o(.text)
    UsageFault_Handler                       0x0800570d   Thumb Code    10  stm32_it.o(.text)
    SVC_Handler                              0x08005717   Thumb Code     2  stm32_it.o(.text)
    DebugMon_Handler                         0x08005719   Thumb Code     2  stm32_it.o(.text)
    PendSV_Handler                           0x0800571b   Thumb Code     2  stm32_it.o(.text)
    USB_LP_CAN1_RX0_IRQHandler               0x0800571d   Thumb Code     8  stm32_it.o(.text)
    USBWakeUp_IRQHandler                     0x08005725   Thumb Code    12  stm32_it.o(.text)
    constrain                                0x0800579d   Thumb Code    40  utilities.o(.text)
    matrixMultiply                           0x080057c5   Thumb Code   132  utilities.o(.text)
    Round                                    0x08005849   Thumb Code    38  utilities.o(.text)
    _sbrk                                    0x0800586f   Thumb Code    42  utilities.o(.text)
    sphereFit                                0x08005899   Thumb Code  2568  utilities.o(.text)
    standardRadianFormat                     0x080062a1   Thumb Code    48  utilities.o(.text)
    stringToFloat                            0x080062d1   Thumb Code   492  utilities.o(.text)
    printUSART                               0x080064e1   Thumb Code    38  drv_cli.o(.text)
    printDirect                              0x08006507   Thumb Code    38  drv_cli.o(.text)
    usbOverrun                               0x0800652d   Thumb Code     6  drv_cli.o(.text)
    USBPushTXData                            0x08006533   Thumb Code    82  drv_cli.o(.text)
    USBPushTX                                0x08006585   Thumb Code    18  drv_cli.o(.text)
    EP1_IN_Callback                          0x08006597   Thumb Code    14  drv_cli.o(.text)
    cliInit                                  0x080065a5   Thumb Code    40  drv_cli.o(.text)
    cliPrint                                 0x080065cd   Thumb Code    28  drv_cli.o(.text)
    cliAvailable                             0x080065e9   Thumb Code     6  drv_cli.o(.text)
    cliRead                                  0x080065ef   Thumb Code    30  drv_cli.o(.text)
    cliPrintF                                0x0800660d   Thumb Code    50  drv_cli.o(.text)
    usbDsbISR                                0x0800663f   Thumb Code     2  drv_cli.o(.text)
    getChar                                  0x08006641   Thumb Code    52  drv_cli.o(.text)
    gpioInit                                 0x08006699   Thumb Code    80  drv_gpio.o(.text)
    i2cInit                                  0x08006799   Thumb Code   164  drv_i2c.o(.text)
    I2C1_ER_IRQHandler                       0x080068ed   Thumb Code     8  drv_i2c.o(.text)
    I2C1_EV_IRQHandler                       0x08006cd7   Thumb Code     8  drv_i2c.o(.text)
    I2C2_ER_IRQHandler                       0x08006cdf   Thumb Code     8  drv_i2c.o(.text)
    I2C2_EV_IRQHandler                       0x08006ce7   Thumb Code     8  drv_i2c.o(.text)
    i2cWriteBuffer                           0x08006cef   Thumb Code   208  drv_i2c.o(.text)
    i2cWrite                                 0x08006dbf   Thumb Code    20  drv_i2c.o(.text)
    i2cRead                                  0x08006dd3   Thumb Code   174  drv_i2c.o(.text)
    i2cGetErrorCounter                       0x08006e81   Thumb Code     6  drv_i2c.o(.text)
    updateCounter                            0x08006ebd   Thumb Code    48  drv_pwmmotors.o(.text)
    TIM2_IRQHandler                          0x08006f0d   Thumb Code   138  drv_pwmmotors.o(.text)
    TIM3_IRQHandler                          0x08006f97   Thumb Code   142  drv_pwmmotors.o(.text)
    TIM4_IRQHandler                          0x08007025   Thumb Code   170  drv_pwmmotors.o(.text)
    setPWMFastTable                          0x08007207   Thumb Code   332  drv_pwmmotors.o(.text)
    setPWM                                   0x08007353   Thumb Code    20  drv_pwmmotors.o(.text)
    setPWMData                               0x08007367   Thumb Code    46  drv_pwmmotors.o(.text)
    limitYawPWM                              0x08007395   Thumb Code    70  drv_pwmmotors.o(.text)
    activateIRQ                              0x080073db   Thumb Code    46  drv_pwmmotors.o(.text)
    setRollMotor                             0x08007409   Thumb Code    42  drv_pwmmotors.o(.text)
    setPitchMotor                            0x08007433   Thumb Code    40  drv_pwmmotors.o(.text)
    setYawMotor                              0x0800745b   Thumb Code    46  drv_pwmmotors.o(.text)
    forceMotorUpdate                         0x08007489   Thumb Code    24  drv_pwmmotors.o(.text)
    pwmMotorDriverInit                       0x080074a1   Thumb Code   380  drv_pwmmotors.o(.text)
    rcInit                                   0x08007655   Thumb Code   186  drv_rc.o(.text)
    EXTI3_IRQHandler                         0x0800770f   Thumb Code    88  drv_rc.o(.text)
    EXTI4_IRQHandler                         0x08007767   Thumb Code    88  drv_rc.o(.text)
    EXTI9_5_IRQHandler                       0x080077bf   Thumb Code    88  drv_rc.o(.text)
    rxRead                                   0x08007817   Thumb Code    36  drv_rc.o(.text)
    TIM8_Cap_Init                            0x0800783b   Thumb Code   290  drv_rc.o(.text)
    TIM8_CC_IRQHandler                       0x0800795d   Thumb Code  1544  drv_rc.o(.text)
    micros                                   0x08007fcb   Thumb Code    52  drv_system.o(.text)
    SysTick_Handler                          0x08007fff   Thumb Code   270  drv_system.o(.text)
    millis                                   0x0800810d   Thumb Code     6  drv_system.o(.text)
    BKPInit                                  0x08008113   Thumb Code    14  drv_system.o(.text)
    delayMicroseconds                        0x08008121   Thumb Code    54  drv_system.o(.text)
    delay                                    0x08008157   Thumb Code    24  drv_system.o(.text)
    systemInit                               0x0800816f   Thumb Code   322  drv_system.o(.text)
    BKPRead                                  0x080082b1   Thumb Code    40  drv_system.o(.text)
    BKPWrite                                 0x080082d9   Thumb Code    36  drv_system.o(.text)
    reboot                                   0x080082fd   Thumb Code    14  drv_system.o(.text)
    bootloader                               0x0800830b   Thumb Code    14  drv_system.o(.text)
    _init                                    0x08008319   Thumb Code     2  drv_system.o(.text)
    timingFunctionsInit                      0x080084f1   Thumb Code    50  drv_timingfunctions.o(.text)
    Get_Cycle_T                              0x08008523   Thumb Code    98  drv_timingfunctions.o(.text)
    Cycle_Time_Init                          0x08008585   Thumb Code    22  drv_timingfunctions.o(.text)
    InitUart4BufferIRQ                       0x080085a5   Thumb Code    42  drv_usart.o(.text)
    UART4EnableTxInterrupt                   0x080085cf   Thumb Code     2  drv_usart.o(.text)
    InitUart4Buffer                          0x080085d1   Thumb Code    22  drv_usart.o(.text)
    Usart4Init                               0x080085e7   Thumb Code   156  drv_usart.o(.text)
    USART_GetChar                            0x08008683   Thumb Code    10  drv_usart.o(.text)
    USART_Peek                               0x0800868d   Thumb Code    10  drv_usart.o(.text)
    USART_Available                          0x08008697   Thumb Code    10  drv_usart.o(.text)
    USART_Flush                              0x080086a1   Thumb Code    16  drv_usart.o(.text)
    USART_PutCharDirect                      0x080086b1   Thumb Code    22  drv_usart.o(.text)
    USART_PutChar                            0x080086c7   Thumb Code    16  drv_usart.o(.text)
    USART_PutStringDirect                    0x080086d7   Thumb Code    22  drv_usart.o(.text)
    USART_PutString                          0x080086ed   Thumb Code    56  drv_usart.o(.text)
    Data_Receive_Anl                         0x08008725   Thumb Code   372  drv_usart.o(.text)
    UART4_IRQHandler                         0x08008899   Thumb Code   398  drv_usart.o(.text)
    UsartSend_GOL_LINK                       0x08008a27   Thumb Code    32  drv_usart.o(.text)
    Send_BLDC                                0x08008a61   Thumb Code   228  drv_usart.o(.text)
    RingBufferInit                           0x08008b51   Thumb Code    14  ringbuffer.o(.text)
    RingBufferSize                           0x08008b5f   Thumb Code     8  ringbuffer.o(.text)
    RingBufferFillLevel                      0x08008b67   Thumb Code    34  ringbuffer.o(.text)
    RingBufferPut                            0x08008b89   Thumb Code   108  ringbuffer.o(.text)
    RingBufferPutBlock                       0x08008bf5   Thumb Code   192  ringbuffer.o(.text)
    RingBufferGet                            0x08008cb5   Thumb Code    56  ringbuffer.o(.text)
    RingBufferPeek                           0x08008ced   Thumb Code    28  ringbuffer.o(.text)
    computeMPU6050TCBias                     0x08008d09   Thumb Code   202  mpu6050.o(.text)
    readMPU6050                              0x08008dd3   Thumb Code   234  mpu6050.o(.text)
    computeMPU6050RTData                     0x08008ebd   Thumb Code   534  mpu6050.o(.text)
    initMPU6050                              0x080090d3   Thumb Code   156  mpu6050.o(.text)
    orientIMU                                0x0800916f   Thumb Code   330  mpu6050.o(.text)
    readStringCLI                            0x080092c1   Thumb Code    74  cli.o(.text)
    readFloatCLI                             0x0800930b   Thumb Code    96  cli.o(.text)
    readCliPID                               0x0800936b   Thumb Code   150  cli.o(.text)
    disableGimbal                            0x08009401   Thumb Code    68  cli.o(.text)
    enableGimbal                             0x08009445   Thumb Code    42  cli.o(.text)
    cliCom                                   0x0800946f   Thumb Code  7872  cli.o(.text)
    sensorCLI                                0x0800b3bd   Thumb Code   840  clisensor.o(.text)
    mpu6050Calibration                       0x0800b9a1   Thumb Code  1610  mpu6050calibration.o(.text)
    Set_System                               0x0800c019   Thumb Code   122  hw_config.o(.text)
    Set_USBClock                             0x0800c093   Thumb Code    18  hw_config.o(.text)
    Enter_LowPowerMode                       0x0800c0a5   Thumb Code     8  hw_config.o(.text)
    Leave_LowPowerMode                       0x0800c0ad   Thumb Code    28  hw_config.o(.text)
    USB_Interrupts_Config                    0x0800c0c9   Thumb Code    60  hw_config.o(.text)
    Get_SerialNum                            0x0800c143   Thumb Code    42  hw_config.o(.text)
    CDC_Send_DATA                            0x0800c16d   Thumb Code    42  hw_config.o(.text)
    CDC_Receive_DATA                         0x0800c197   Thumb Code    96  hw_config.o(.text)
    usbIsConfigured                          0x0800c1f7   Thumb Code    16  hw_config.o(.text)
    usbIsConnected                           0x0800c207   Thumb Code    14  hw_config.o(.text)
    SetVCPConnectMode                        0x0800c215   Thumb Code    22  hw_config.o(.text)
    ERR_Callback                             0x0800c22b   Thumb Code    14  hw_config.o(.text)
    GetVCPConnectMode                        0x0800c239   Thumb Code     6  hw_config.o(.text)
    EP3_OUT_Callback                         0x0800c27d   Thumb Code    30  usb_endp.o(.text)
    USB_Istr                                 0x0800c2a9   Thumb Code   154  usb_istr.o(.text)
    Virtual_Com_Port_init                    0x0800c359   Thumb Code    30  usb_prop.o(.text)
    Virtual_Com_Port_Reset                   0x0800c377   Thumb Code   224  usb_prop.o(.text)
    Virtual_Com_Port_SetConfiguration        0x0800c457   Thumb Code    14  usb_prop.o(.text)
    Virtual_Com_Port_SetDeviceAddress        0x0800c465   Thumb Code     8  usb_prop.o(.text)
    Virtual_Com_Port_Status_In               0x0800c46d   Thumb Code    16  usb_prop.o(.text)
    Virtual_Com_Port_Status_Out              0x0800c47d   Thumb Code     2  usb_prop.o(.text)
    Virtual_Com_Port_SetLineCoding           0x0800c47f   Thumb Code    20  usb_prop.o(.text)
    Virtual_Com_Port_GetLineCoding           0x0800c493   Thumb Code    20  usb_prop.o(.text)
    Virtual_Com_Port_Data_Setup              0x0800c4a7   Thumb Code    92  usb_prop.o(.text)
    Virtual_Com_Port_NoData_Setup            0x0800c503   Thumb Code    44  usb_prop.o(.text)
    Virtual_Com_Port_GetDeviceDescriptor     0x0800c52f   Thumb Code    14  usb_prop.o(.text)
    Virtual_Com_Port_GetConfigDescriptor     0x0800c53d   Thumb Code    34  usb_prop.o(.text)
    Virtual_Com_Port_GetStringDescriptor     0x0800c55f   Thumb Code    32  usb_prop.o(.text)
    Virtual_Com_Port_Get_Interface_Setting   0x0800c57f   Thumb Code    22  usb_prop.o(.text)
    PowerOn                                  0x0800c5c1   Thumb Code    46  usb_pwr.o(.text)
    PowerOff                                 0x0800c5ef   Thumb Code    22  usb_pwr.o(.text)
    Suspend                                  0x0800c605   Thumb Code   240  usb_pwr.o(.text)
    Resume_Init                              0x0800c6f5   Thumb Code    30  usb_pwr.o(.text)
    Resume                                   0x0800c713   Thumb Code   194  usb_pwr.o(.text)
    Standard_GetConfiguration                0x0800c7f5   Thumb Code    34  usb_core.o(.text)
    Standard_SetConfiguration                0x0800c817   Thumb Code    60  usb_core.o(.text)
    Standard_GetInterface                    0x0800c853   Thumb Code    34  usb_core.o(.text)
    Standard_SetInterface                    0x0800c875   Thumb Code    96  usb_core.o(.text)
    Standard_GetStatus                       0x0800c8d5   Thumb Code   238  usb_core.o(.text)
    Standard_ClearFeature                    0x0800c9c3   Thumb Code   342  usb_core.o(.text)
    Standard_SetEndPointFeature              0x0800cb19   Thumb Code   220  usb_core.o(.text)
    Standard_SetDeviceFeature                0x0800cbf5   Thumb Code    30  usb_core.o(.text)
    Standard_GetDescriptorData               0x0800cc13   Thumb Code    32  usb_core.o(.text)
    Post0_Process                            0x0800d147   Thumb Code    54  usb_core.o(.text)
    Setup0_Process                           0x0800d17d   Thumb Code   170  usb_core.o(.text)
    SetDeviceAddress                         0x0800d227   Thumb Code    70  usb_core.o(.text)
    In0_Process                              0x0800d26d   Thumb Code    98  usb_core.o(.text)
    Out0_Process                             0x0800d2cf   Thumb Code    70  usb_core.o(.text)
    NOP_Process                              0x0800d315   Thumb Code     2  usb_core.o(.text)
    USB_Init                                 0x0800d345   Thumb Code    36  usb_init.o(.text)
    CTR_LP                                   0x0800d381   Thumb Code   616  usb_int.o(.text)
    CTR_HP                                   0x0800d5e9   Thumb Code   178  usb_int.o(.text)
    UserToPMABufferCopy                      0x0800d6bd   Thumb Code    52  usb_mem.o(.text)
    PMAToUserBufferCopy                      0x0800d6f1   Thumb Code    34  usb_mem.o(.text)
    SetCNTR                                  0x0800d719   Thumb Code     6  usb_regs.o(.text)
    GetCNTR                                  0x0800d71f   Thumb Code     8  usb_regs.o(.text)
    SetISTR                                  0x0800d727   Thumb Code     8  usb_regs.o(.text)
    GetISTR                                  0x0800d72f   Thumb Code    10  usb_regs.o(.text)
    GetFNR                                   0x0800d739   Thumb Code    10  usb_regs.o(.text)
    SetDADDR                                 0x0800d743   Thumb Code     8  usb_regs.o(.text)
    GetDADDR                                 0x0800d74b   Thumb Code    10  usb_regs.o(.text)
    SetBTABLE                                0x0800d755   Thumb Code    14  usb_regs.o(.text)
    GetBTABLE                                0x0800d763   Thumb Code    10  usb_regs.o(.text)
    SetENDPOINT                              0x0800d76d   Thumb Code    12  usb_regs.o(.text)
    GetENDPOINT                              0x0800d779   Thumb Code    16  usb_regs.o(.text)
    SetEPType                                0x0800d789   Thumb Code    32  usb_regs.o(.text)
    GetEPType                                0x0800d7a9   Thumb Code    18  usb_regs.o(.text)
    SetEPTxStatus                            0x0800d7bb   Thumb Code    60  usb_regs.o(.text)
    SetEPRxStatus                            0x0800d7f7   Thumb Code    60  usb_regs.o(.text)
    SetDouBleBuffEPStall                     0x0800d833   Thumb Code    54  usb_regs.o(.text)
    GetEPTxStatus                            0x0800d869   Thumb Code    18  usb_regs.o(.text)
    GetEPRxStatus                            0x0800d87b   Thumb Code    18  usb_regs.o(.text)
    SetEPTxValid                             0x0800d88d   Thumb Code    48  usb_regs.o(.text)
    SetEPRxValid                             0x0800d8bd   Thumb Code    48  usb_regs.o(.text)
    SetEP_KIND                               0x0800d8ed   Thumb Code    38  usb_regs.o(.text)
    ClearEP_KIND                             0x0800d913   Thumb Code    34  usb_regs.o(.text)
    Clear_Status_Out                         0x0800d935   Thumb Code    34  usb_regs.o(.text)
    Set_Status_Out                           0x0800d957   Thumb Code    38  usb_regs.o(.text)
    SetEPDoubleBuff                          0x0800d97d   Thumb Code    38  usb_regs.o(.text)
    ClearEPDoubleBuff                        0x0800d9a3   Thumb Code    34  usb_regs.o(.text)
    GetTxStallStatus                         0x0800d9c5   Thumb Code    28  usb_regs.o(.text)
    GetRxStallStatus                         0x0800d9e1   Thumb Code    30  usb_regs.o(.text)
    ClearEP_CTR_RX                           0x0800d9ff   Thumb Code    32  usb_regs.o(.text)
    ClearEP_CTR_TX                           0x0800da1f   Thumb Code    28  usb_regs.o(.text)
    ToggleDTOG_RX                            0x0800da3b   Thumb Code    34  usb_regs.o(.text)
    ToggleDTOG_TX                            0x0800da5d   Thumb Code    34  usb_regs.o(.text)
    ClearDTOG_RX                             0x0800da7f   Thumb Code    48  usb_regs.o(.text)
    ClearDTOG_TX                             0x0800daaf   Thumb Code    48  usb_regs.o(.text)
    SetEPAddress                             0x0800dadf   Thumb Code    46  usb_regs.o(.text)
    GetEPAddress                             0x0800db0d   Thumb Code    18  usb_regs.o(.text)
    SetEPTxAddr                              0x0800db1f   Thumb Code    24  usb_regs.o(.text)
    SetEPRxAddr                              0x0800db37   Thumb Code    26  usb_regs.o(.text)
    GetEPTxAddr                              0x0800db51   Thumb Code    22  usb_regs.o(.text)
    GetEPRxAddr                              0x0800db67   Thumb Code    24  usb_regs.o(.text)
    SetEPTxCount                             0x0800db7f   Thumb Code    20  usb_regs.o(.text)
    SetEPCountRxReg                          0x0800db93   Thumb Code    48  usb_regs.o(.text)
    SetEPRxCount                             0x0800dbc3   Thumb Code    68  usb_regs.o(.text)
    GetEPTxCount                             0x0800dc07   Thumb Code    26  usb_regs.o(.text)
    GetEPRxCount                             0x0800dc21   Thumb Code    26  usb_regs.o(.text)
    SetEPDblBuffAddr                         0x0800dc3b   Thumb Code    44  usb_regs.o(.text)
    SetEPDblBuf0Addr                         0x0800dc67   Thumb Code    24  usb_regs.o(.text)
    SetEPDblBuf1Addr                         0x0800dc7f   Thumb Code    26  usb_regs.o(.text)
    GetEPDblBuf0Addr                         0x0800dc99   Thumb Code    22  usb_regs.o(.text)
    GetEPDblBuf1Addr                         0x0800dcaf   Thumb Code    24  usb_regs.o(.text)
    SetEPDblBuffCount                        0x0800dcc7   Thumb Code   186  usb_regs.o(.text)
    SetEPDblBuf0Count                        0x0800dd81   Thumb Code    96  usb_regs.o(.text)
    SetEPDblBuf1Count                        0x0800dde1   Thumb Code    96  usb_regs.o(.text)
    GetEPDblBuf0Count                        0x0800de41   Thumb Code    26  usb_regs.o(.text)
    GetEPDblBuf1Count                        0x0800de5b   Thumb Code    26  usb_regs.o(.text)
    GetEPDblBufDir                           0x0800de75   Thumb Code    62  usb_regs.o(.text)
    FreeUserBuffer                           0x0800deb3   Thumb Code    90  usb_regs.o(.text)
    ToWord                                   0x0800df0d   Thumb Code     8  usb_regs.o(.text)
    ByteSwap                                 0x0800df15   Thumb Code    12  usb_regs.o(.text)
    USB_SIL_Init                             0x0800df21   Thumb Code    28  usb_sil.o(.text)
    USB_SIL_Write                            0x0800df3d   Thumb Code    46  usb_sil.o(.text)
    USB_SIL_Read                             0x0800df6b   Thumb Code    46  usb_sil.o(.text)
    __aeabi_memcpy                           0x0800dfa1   Thumb Code    36  memcpya.o(.text)
    __aeabi_memcpy4                          0x0800dfa1   Thumb Code     0  memcpya.o(.text)
    __aeabi_memcpy8                          0x0800dfa1   Thumb Code     0  memcpya.o(.text)
    __aeabi_memset                           0x0800dfc5   Thumb Code    14  memseta.o(.text)
    __aeabi_memset4                          0x0800dfc5   Thumb Code     0  memseta.o(.text)
    __aeabi_memset8                          0x0800dfc5   Thumb Code     0  memseta.o(.text)
    __aeabi_memclr                           0x0800dfd3   Thumb Code     4  memseta.o(.text)
    __aeabi_memclr4                          0x0800dfd3   Thumb Code     0  memseta.o(.text)
    __aeabi_memclr8                          0x0800dfd3   Thumb Code     0  memseta.o(.text)
    _memset$wrapper                          0x0800dfd7   Thumb Code    18  memseta.o(.text)
    strlen                                   0x0800dfe9   Thumb Code    14  strlen.o(.text)
    __aeabi_fadd                             0x0800dff7   Thumb Code   164  fadd.o(.text)
    __aeabi_fsub                             0x0800e09b   Thumb Code     6  fadd.o(.text)
    __aeabi_frsub                            0x0800e0a1   Thumb Code     6  fadd.o(.text)
    __aeabi_fmul                             0x0800e0a7   Thumb Code   100  fmul.o(.text)
    __aeabi_fdiv                             0x0800e10b   Thumb Code   124  fdiv.o(.text)
    __aeabi_dadd                             0x0800e187   Thumb Code   322  dadd.o(.text)
    __aeabi_dsub                             0x0800e2c9   Thumb Code     6  dadd.o(.text)
    __aeabi_drsub                            0x0800e2cf   Thumb Code     6  dadd.o(.text)
    __aeabi_dmul                             0x0800e2d5   Thumb Code   228  dmul.o(.text)
    __aeabi_ddiv                             0x0800e3b9   Thumb Code   222  ddiv.o(.text)
    __aeabi_i2f                              0x0800e497   Thumb Code    18  fflti.o(.text)
    __aeabi_ui2f                             0x0800e4a9   Thumb Code    10  ffltui.o(.text)
    __aeabi_i2d                              0x0800e4b3   Thumb Code    34  dflti.o(.text)
    __aeabi_f2iz                             0x0800e4d5   Thumb Code    50  ffixi.o(.text)
    __aeabi_f2uiz                            0x0800e507   Thumb Code    40  ffixui.o(.text)
    __aeabi_d2iz                             0x0800e52f   Thumb Code    62  dfixi.o(.text)
    __aeabi_f2d                              0x0800e56d   Thumb Code    38  f2d.o(.text)
    __aeabi_d2f                              0x0800e593   Thumb Code    56  d2f.o(.text)
    __aeabi_cfcmpeq                          0x0800e5cd   Thumb Code     0  cfcmple.o(.text)
    __aeabi_cfcmple                          0x0800e5cd   Thumb Code    20  cfcmple.o(.text)
    __aeabi_cfrcmple                         0x0800e5e1   Thumb Code    20  cfrcmple.o(.text)
    __aeabi_uidiv                            0x0800e5f5   Thumb Code     0  uidiv.o(.text)
    __aeabi_uidivmod                         0x0800e5f5   Thumb Code    44  uidiv.o(.text)
    __aeabi_uldivmod                         0x0800e621   Thumb Code    98  uldiv.o(.text)
    __aeabi_llsl                             0x0800e683   Thumb Code    30  llshl.o(.text)
    _ll_shift_l                              0x0800e683   Thumb Code     0  llshl.o(.text)
    __aeabi_llsr                             0x0800e6a1   Thumb Code    32  llushr.o(.text)
    _ll_ushift_r                             0x0800e6a1   Thumb Code     0  llushr.o(.text)
    __aeabi_lasr                             0x0800e6c1   Thumb Code    36  llsshr.o(.text)
    _ll_sshift_r                             0x0800e6c1   Thumb Code     0  llsshr.o(.text)
    __I$use$fp                               0x0800e6e5   Thumb Code     0  iusefp.o(.text)
    _float_round                             0x0800e6e5   Thumb Code    18  fepilogue.o(.text)
    _float_epilogue                          0x0800e6f7   Thumb Code    92  fepilogue.o(.text)
    __ARM_scalbnf                            0x0800e753   Thumb Code    24  fscalb.o(.text)
    scalbnf                                  0x0800e753   Thumb Code     0  fscalb.o(.text)
    _frnd                                    0x0800e76b   Thumb Code    60  frnd.o(.text)
    _double_round                            0x0800e7a7   Thumb Code    30  depilogue.o(.text)
    _double_epilogue                         0x0800e7c5   Thumb Code   156  depilogue.o(.text)
    _dsqrt                                   0x0800e861   Thumb Code   162  dsqrt.o(.text)
    _drnd                                    0x0800e905   Thumb Code   132  drnd.o(.text)
    __aeabi_d2ulz                            0x0800e98d   Thumb Code    48  dfixul.o(.text)
    __aeabi_cdcmpeq                          0x0800e9bd   Thumb Code     0  cdcmple.o(.text)
    __aeabi_cdcmple                          0x0800e9bd   Thumb Code    48  cdcmple.o(.text)
    __aeabi_cdrcmple                         0x0800e9ed   Thumb Code    48  cdrcmple.o(.text)
    __scatterload                            0x0800ea1d   Thumb Code    28  init.o(.text)
    __scatterload_rt2                        0x0800ea1d   Thumb Code     0  init.o(.text)
    _fsqrt                                   0x0800ea41   Thumb Code    94  fsqrt.o(.text)
    __ARM_scalbn                             0x0800ea9f   Thumb Code    46  dscalb.o(.text)
    scalbn                                   0x0800ea9f   Thumb Code     0  dscalb.o(.text)
    __aeabi_ui2d                             0x0800eacd   Thumb Code    26  dfltui.o(.text)
    __decompress                             0x0800eae7   Thumb Code     0  __dczerorl2.o(.text)
    __decompress1                            0x0800eae7   Thumb Code    86  __dczerorl2.o(.text)
    __0vsnprintf                             0x0800eb3d   Thumb Code    32  printfa.o(i.__0vsnprintf)
    __1vsnprintf                             0x0800eb3d   Thumb Code     0  printfa.o(i.__0vsnprintf)
    __2vsnprintf                             0x0800eb3d   Thumb Code     0  printfa.o(i.__0vsnprintf)
    __c89vsnprintf                           0x0800eb3d   Thumb Code     0  printfa.o(i.__0vsnprintf)
    vsnprintf                                0x0800eb3d   Thumb Code     0  printfa.o(i.__0vsnprintf)
    __ARM_fpclassify                         0x0800eb61   Thumb Code    40  fpclassify.o(i.__ARM_fpclassify)
    __ARM_fpclassifyf                        0x0800eb89   Thumb Code    38  fpclassifyf.o(i.__ARM_fpclassifyf)
    __aeabi_errno_addr                       0x0800ebb1   Thumb Code     4  errno.o(i.__aeabi_errno_addr)
    __rt_errno_addr                          0x0800ebb1   Thumb Code     0  errno.o(i.__aeabi_errno_addr)
    __ieee754_rem_pio2                       0x0800ebb9   Thumb Code   828  rred.o(i.__ieee754_rem_pio2)
    __kernel_cos                             0x0800ef41   Thumb Code   230  cos_i.o(i.__kernel_cos)
    __kernel_poly                            0x0800f03d   Thumb Code   170  poly.o(i.__kernel_poly)
    __kernel_sin                             0x0800f0e9   Thumb Code   224  sin_i.o(i.__kernel_sin)
    __mathlib_dbl_infnan                     0x0800f1d5   Thumb Code     6  dunder.o(i.__mathlib_dbl_infnan)
    __mathlib_dbl_infnan2                    0x0800f1db   Thumb Code     4  dunder.o(i.__mathlib_dbl_infnan2)
    __mathlib_dbl_invalid                    0x0800f1df   Thumb Code    12  dunder.o(i.__mathlib_dbl_invalid)
    __mathlib_dbl_underflow                  0x0800f1ed   Thumb Code    10  dunder.o(i.__mathlib_dbl_underflow)
    __mathlib_flt_infnan                     0x0800f1fd   Thumb Code     6  funder.o(i.__mathlib_flt_infnan)
    __mathlib_flt_infnan2                    0x0800f203   Thumb Code     4  funder.o(i.__mathlib_flt_infnan2)
    __mathlib_flt_invalid                    0x0800f207   Thumb Code     8  funder.o(i.__mathlib_flt_invalid)
    __mathlib_flt_underflow                  0x0800f20f   Thumb Code    10  funder.o(i.__mathlib_flt_underflow)
    __mathlib_rredf2                         0x0800f219   Thumb Code   344  rredf.o(i.__mathlib_rredf2)
    __scatterload_copy                       0x0800f381   Thumb Code    14  handlers.o(i.__scatterload_copy)
    __scatterload_null                       0x0800f38f   Thumb Code     2  handlers.o(i.__scatterload_null)
    __scatterload_zeroinit                   0x0800f391   Thumb Code    14  handlers.o(i.__scatterload_zeroinit)
    __set_errno                              0x0800f3a1   Thumb Code     6  errno.o(i.__set_errno)
    asinf                                    0x0800fc55   Thumb Code   254  asinf.o(i.asinf)
    atan                                     0x0800fd79   Thumb Code   474  atan.o(i.atan)
    atan2                                    0x0800ff99   Thumb Code   346  atan2.o(i.atan2)
    atan2f                                   0x08010119   Thumb Code   528  atan2f.o(i.atan2f)
    cosf                                     0x08010375   Thumb Code   328  cosf.o(i.cosf)
    round                                    0x080104f1   Thumb Code   136  round.o(i.round)
    sin                                      0x08010585   Thumb Code   150  sin.o(i.sin)
    sinf                                     0x08010625   Thumb Code   338  sinf.o(i.sinf)
    sqrt                                     0x080107ad   Thumb Code    76  sqrt.o(i.sqrt)
    sqrtf                                    0x080107f9   Thumb Code    44  sqrtf.o(i.sqrtf)
    Virtual_Com_Port_DeviceDescriptor        0x08010824   Data          18  usb_desc.o(.constdata)
    Virtual_Com_Port_ConfigDescriptor        0x08010836   Data          67  usb_desc.o(.constdata)
    Virtual_Com_Port_StringLangID            0x08010879   Data           4  usb_desc.o(.constdata)
    Virtual_Com_Port_StringVendor            0x0801087d   Data          38  usb_desc.o(.constdata)
    Virtual_Com_Port_StringProduct           0x080108a3   Data          50  usb_desc.o(.constdata)
    __mathlib_zero                           0x080109a0   Data           8  qnan.o(.constdata)
    Region$$Table$$Base                      0x08011308   Number         0  anon$$obj.o(Region$$Table)
    Region$$Table$$Limit                     0x08011328   Number         0  anon$$obj.o(Region$$Table)
    testPhase                                0x20000000   Data           4  main.o(.data)
    testPhaseDelta                           0x20000004   Data           4  main.o(.data)
    timerValue                               0x20000008   Data           2  main.o(.data)
    test                                     0x2000000a   Data           4  main.o(.data)
    rad_sin                                  0x20000010   Data           4  main.o(.data)
    SystemCoreClock                          0x20000030   Data           4  system_stm32f10x.o(.data)
    AHBPrescTable                            0x20000034   Data          16  system_stm32f10x.o(.data)
    holdIntegrators                          0x20000044   Data           1  pid.o(.data)
    mechanical2electricalDegrees             0x2000004c   Data          12  computemotorcommands.o(.data)
    electrical2mechanicalDegrees             0x20000058   Data          12  computemotorcommands.o(.data)
    yawCmd                                   0x20000064   Data           4  computemotorcommands.o(.data)
    centerPoint                              0x20000068   Data           4  computemotorcommands.o(.data)
    stepSmooth                               0x2000006c   Data           4  computemotorcommands.o(.data)
    step                                     0x20000070   Data           4  computemotorcommands.o(.data)
    exp_angle                                0x20000074   Data          12  computemotorcommands.o(.data)
    kp                                       0x20000080   Data           4  computemotorcommands.o(.data)
    ki                                       0x20000084   Data           4  computemotorcommands.o(.data)
    flt                                      0x20000088   Data           4  computemotorcommands.o(.data)
    exAcc                                    0x20000090   Data           4  margahrs.o(.data)
    eyAcc                                    0x20000094   Data           4  margahrs.o(.data)
    ezAcc                                    0x20000098   Data           4  margahrs.o(.data)
    exAccInt                                 0x2000009c   Data           4  margahrs.o(.data)
    eyAccInt                                 0x200000a0   Data           4  margahrs.o(.data)
    ezAccInt                                 0x200000a4   Data           4  margahrs.o(.data)
    exMag                                    0x200000a8   Data           4  margahrs.o(.data)
    eyMag                                    0x200000ac   Data           4  margahrs.o(.data)
    ezMag                                    0x200000b0   Data           4  margahrs.o(.data)
    exMagInt                                 0x200000b4   Data           4  margahrs.o(.data)
    eyMagInt                                 0x200000b8   Data           4  margahrs.o(.data)
    ezMagInt                                 0x200000bc   Data           4  margahrs.o(.data)
    kpAcc                                    0x200000c0   Data           4  margahrs.o(.data)
    kiAcc                                    0x200000c4   Data           4  margahrs.o(.data)
    q0                                       0x200000c8   Data           4  margahrs.o(.data)
    q1                                       0x200000cc   Data           4  margahrs.o(.data)
    q2                                       0x200000d0   Data           4  margahrs.o(.data)
    q3                                       0x200000d4   Data           4  margahrs.o(.data)
    q0q0                                     0x200000d8   Data           4  margahrs.o(.data)
    q0q1                                     0x200000dc   Data           4  margahrs.o(.data)
    q0q2                                     0x200000e0   Data           4  margahrs.o(.data)
    q0q3                                     0x200000e4   Data           4  margahrs.o(.data)
    q1q1                                     0x200000e8   Data           4  margahrs.o(.data)
    q1q2                                     0x200000ec   Data           4  margahrs.o(.data)
    q1q3                                     0x200000f0   Data           4  margahrs.o(.data)
    q2q2                                     0x200000f4   Data           4  margahrs.o(.data)
    q2q3                                     0x200000f8   Data           4  margahrs.o(.data)
    q3q3                                     0x200000fc   Data           4  margahrs.o(.data)
    halfT                                    0x20000100   Data           4  margahrs.o(.data)
    MargAHRSinitialized                      0x20000104   Data           1  margahrs.o(.data)
    accConfidenceDecay                       0x20000108   Data           4  margahrs.o(.data)
    accConfidence                            0x2000010c   Data           4  margahrs.o(.data)
    commandInDetent                          0x20000114   Data           3  pointingcommands.o(.data)
    previousCommandInDetent                  0x20000117   Data           3  pointingcommands.o(.data)
    __irq_nesting_counter                    0x20000140   Data           4  drv_irq.o(.data)
    timer1timer8deadTimeRegister             0x20000148   Data           4  drv_pwmmotors.o(.data)
    timer4timer5deadTimeDelay                0x2000014c   Data           4  drv_pwmmotors.o(.data)
    oddEvenFrame                             0x20000150   Data           1  drv_pwmmotors.o(.data)
    rcActive                                 0x2000015a   Data           1  drv_rc.o(.data)
    state_dj                                 0x2000015b   Data           5  drv_rc.o(.data)
    state_dj_rx                              0x20000160   Data           5  drv_rc.o(.data)
    IO_STATE                                 0x20000165   Data           5  drv_rc.o(.data)
    IO_STATER                                0x2000016a   Data           5  drv_rc.o(.data)
    cnt_sample1                              0x20000170   Data           4  drv_rc.o(.data)
    TIM2CH1_CAPTURE_STA                      0x20000174   Data           4  drv_rc.o(.data)
    TIM2CH1_CAPTURE_VAL                      0x20000178   Data           8  drv_rc.o(.data)
    max_encoder_cal                          0x20000180   Data           4  drv_rc.o(.data)
    dt_encoder_update                        0x20000184   Data           4  drv_rc.o(.data)
    frameCounter                             0x2000019c   Data           2  drv_system.o(.data)
    frame_500Hz                              0x2000019e   Data           1  drv_system.o(.data)
    frame_100Hz                              0x2000019f   Data           1  drv_system.o(.data)
    frame_50Hz                               0x200001a0   Data           1  drv_system.o(.data)
    frame_10Hz                               0x200001a1   Data           1  drv_system.o(.data)
    frame_5Hz                                0x200001a2   Data           1  drv_system.o(.data)
    frame_1Hz                                0x200001a3   Data           1  drv_system.o(.data)
    deltaTime1000Hz                          0x200001a4   Data           4  drv_system.o(.data)
    executionTime1000Hz                      0x200001a8   Data           4  drv_system.o(.data)
    previous1000HzTime                       0x200001ac   Data           4  drv_system.o(.data)
    deltaTime500Hz                           0x200001b0   Data           4  drv_system.o(.data)
    executionTime500Hz                       0x200001b4   Data           4  drv_system.o(.data)
    previous500HzTime                        0x200001b8   Data           4  drv_system.o(.data)
    deltaTime100Hz                           0x200001bc   Data           4  drv_system.o(.data)
    executionTime100Hz                       0x200001c0   Data           4  drv_system.o(.data)
    previous100HzTime                        0x200001c4   Data           4  drv_system.o(.data)
    deltaTime50Hz                            0x200001c8   Data           4  drv_system.o(.data)
    executionTime50Hz                        0x200001cc   Data           4  drv_system.o(.data)
    previous50HzTime                         0x200001d0   Data           4  drv_system.o(.data)
    deltaTime10Hz                            0x200001d4   Data           4  drv_system.o(.data)
    executionTime10Hz                        0x200001d8   Data           4  drv_system.o(.data)
    previous10HzTime                         0x200001dc   Data           4  drv_system.o(.data)
    deltaTime5Hz                             0x200001e0   Data           4  drv_system.o(.data)
    executionTime5Hz                         0x200001e4   Data           4  drv_system.o(.data)
    previous5HzTime                          0x200001e8   Data           4  drv_system.o(.data)
    deltaTime1Hz                             0x200001ec   Data           4  drv_system.o(.data)
    executionTime1Hz                         0x200001f0   Data           4  drv_system.o(.data)
    previous1HzTime                          0x200001f4   Data           4  drv_system.o(.data)
    dt500Hz                                  0x200001f8   Data           4  drv_system.o(.data)
    systemReady                              0x200001fc   Data           1  drv_system.o(.data)
    IrqCntUart4                              0x20000200   Data           4  drv_usart.o(.data)
    TxCounter5                               0x20000204   Data           1  drv_usart.o(.data)
    count5                                   0x20000205   Data           1  drv_usart.o(.data)
    RxState5                                 0x20000206   Data           1  drv_usart.o(.data)
    RxBufferNum5                             0x20000207   Data           1  drv_usart.o(.data)
    RxBufferCnt5                             0x20000208   Data           1  drv_usart.o(.data)
    RxLen5                                   0x20000209   Data           1  drv_usart.o(.data)
    rawMag                                   0x2000020c   Data           6  hmc5883.o(.data)
    magDataUpdate                            0x20000212   Data           1  hmc5883.o(.data)
    newMagData                               0x20000213   Data           1  hmc5883.o(.data)
    accelOneG                                0x20000214   Data           4  mpu6050.o(.data)
    accelData500Hz                           0x20000218   Data           6  mpu6050.o(.data)
    rawAccel                                 0x2000021e   Data           6  mpu6050.o(.data)
    gyroData500Hz                            0x20000224   Data           6  mpu6050.o(.data)
    rawGyro                                  0x2000022a   Data           6  mpu6050.o(.data)
    mpu6050Calibrating                       0x20000230   Data           1  mpu6050.o(.data)
    mpu6050Temperature                       0x20000234   Data           4  mpu6050.o(.data)
    rawMPU6050Temperature                    0x20000238   Data           2  mpu6050.o(.data)
    cliBusy                                  0x2000023a   Data           1  cli.o(.data)
    gimbalStateEnabled                       0x2000023d   Data           1  cli.o(.data)
    savedRollState                           0x2000023e   Data           1  cli.o(.data)
    savedPitchState                          0x2000023f   Data           1  cli.o(.data)
    savedYawState                            0x20000240   Data           1  cli.o(.data)
    verHex                                   0x20000241   Data          57  cli.o(.data)
    HSEStartUpStatus                         0x2000027d   Data           1  hw_config.o(.data)
    EXTI_InitStructure                       0x20000280   Data           8  hw_config.o(.data)
    packetSent                               0x20000288   Data           4  hw_config.o(.data)
    sendLength                               0x2000028c   Data           4  hw_config.o(.data)
    Virtual_Com_Port_StringSerial            0x20000291   Data          26  usb_desc.o(.data)
    receiveLength                            0x200002ac   Data           4  usb_endp.o(.data)
    wIstr                                    0x200002b0   Data           2  usb_istr.o(.data)
    bIntPackSOF                              0x200002b2   Data           1  usb_istr.o(.data)
    esof_counter                             0x200002b4   Data           4  usb_istr.o(.data)
    wCNTR                                    0x200002b8   Data           4  usb_istr.o(.data)
    pEpInt_IN                                0x200002bc   Data          28  usb_istr.o(.data)
    pEpInt_OUT                               0x200002d8   Data          28  usb_istr.o(.data)
    Request                                  0x200002f8   Data           1  usb_prop.o(.data)
    linecoding                               0x200002fc   Data           8  usb_prop.o(.data)
    Device_Table                             0x20000304   Data           2  usb_prop.o(.data)
    Device_Property                          0x20000308   Data          48  usb_prop.o(.data)
    User_Standard_Requests                   0x20000338   Data          36  usb_prop.o(.data)
    Device_Descriptor                        0x2000035c   Data           8  usb_prop.o(.data)
    Config_Descriptor                        0x20000364   Data           8  usb_prop.o(.data)
    String_Descriptor                        0x2000036c   Data          32  usb_prop.o(.data)
    bDeviceState                             0x2000038c   Data           4  usb_pwr.o(.data)
    fSuspendEnabled                          0x20000390   Data           1  usb_pwr.o(.data)
    ResumeS                                  0x20000391   Data           2  usb_pwr.o(.data)
    remotewakeupon                           0x20000394   Data           4  usb_pwr.o(.data)
    StatusInfo                               0x20000398   Data           2  usb_core.o(.data)
    Data_Mul_MaxPacketSize                   0x2000039a   Data           1  usb_core.o(.data)
    EPindex                                  0x2000039c   Data           1  usb_init.o(.data)
    pInformation                             0x200003a0   Data           4  usb_init.o(.data)
    pProperty                                0x200003a4   Data           4  usb_init.o(.data)
    SaveState                                0x200003a8   Data           2  usb_init.o(.data)
    wInterrupt_Mask                          0x200003aa   Data           2  usb_init.o(.data)
    pUser_Standard_Requests                  0x200003ac   Data           4  usb_init.o(.data)
    SaveRState                               0x200003b0   Data           2  usb_int.o(.data)
    SaveTState                               0x200003b2   Data           2  usb_int.o(.data)
    eepromConfig                             0x200003b8   Data         324  main.o(.bss)
    sensors                                  0x200004fc   Data          60  main.o(.bss)
    outputRate                               0x20000538   Data          12  computemotorcommands.o(.bss)
    pidCmd                                   0x20000544   Data          12  computemotorcommands.o(.bss)
    pidCmdPrev                               0x20000550   Data          12  computemotorcommands.o(.bss)
    exp_rad                                  0x2000055c   Data          12  computemotorcommands.o(.bss)
    spd                                      0x20000568   Data          12  computemotorcommands.o(.bss)
    spd_out                                  0x20000574   Data          12  computemotorcommands.o(.bss)
    spd_out_flt                              0x20000580   Data          12  computemotorcommands.o(.bss)
    accAngleSmooth                           0x200005a4   Data          12  evvgccf.o(.bss)
    sinDataI16                               0x200005b0   Data        8192  fasttrig.o(.bss)
    firstOrderFilters                        0x200025b0   Data         180  firstorderfilter.o(.bss)
    med_filter_tmp                           0x20002664   Data         800  firstorderfilter.o(.bss)
    med_filter_out                           0x20002984   Data          40  firstorderfilter.o(.bss)
    med_fil_cnt                              0x200029ac   Data          10  firstorderfilter.o(.bss)
    pointingCmd                              0x200029b8   Data          12  pointingcommands.o(.bss)
    rxCommand                                0x200029c4   Data          12  pointingcommands.o(.bss)
    RingBufferUSBTX                          0x200029d0   Data        1040  drv_cli.o(.bss)
    maxCnt                                   0x20002e04   Data          12  drv_pwmmotors.o(.bss)
    minCnt                                   0x20002e10   Data          12  drv_pwmmotors.o(.bss)
    irqCnt                                   0x20002e1c   Data          12  drv_pwmmotors.o(.bss)
    TIM8_ICInitStructure                     0x20002e28   Data          10  drv_rc.o(.bss)
    attitude                                 0x20002e34   Data          12  drv_rc.o(.bss)
    rad                                      0x20002e40   Data          12  drv_rc.o(.bss)
    pos                                      0x20002e4c   Data          12  drv_rc.o(.bss)
    now_dj                                   0x20002e58   Data          16  drv_rc.o(.bss)
    lastUpdate_dj                            0x20002e68   Data          16  drv_rc.o(.bss)
    Cycle_T                                  0x20002e88   Data         240  drv_timingfunctions.o(.bss)
    bldc                                     0x20003798   Data          76  drv_usart.o(.bss)
    TxBuffer5                                0x200037e4   Data         256  drv_usart.o(.bss)
    Rx_Buf5                                  0x200038e4   Data         256  drv_usart.o(.bss)
    RxBuffer5                                0x200039e4   Data          50  drv_usart.o(.bss)
    accelTCBias                              0x20003a18   Data          12  mpu6050.o(.bss)
    gyroRTBias                               0x20003a24   Data          12  mpu6050.o(.bss)
    gyroTCBias                               0x20003a30   Data          12  mpu6050.o(.bss)
    orientationMatrix                        0x20003a3c   Data          18  mpu6050.o(.bss)
    receiveBuffer                            0x20003a4e   Data          64  hw_config.o(.bss)
    EP                                       0x20003a90   Data          32  usb_pwr.o(.bss)
    Device_Info                              0x20003ab0   Data          28  usb_init.o(.bss)
    __initial_sp                             0x20003ed0   Data           0  startup_stm32f10x_hd.o(STACK)



==============================================================================

Memory Map of the image

  Image Entry point : 0x08000131

  Load Region LR_IROM1 (Base: 0x08000000, Size: 0x000116e0, Max: 0x00080000, ABSOLUTE, COMPRESSED[0x00011434])

    Execution Region ER_IROM1 (Base: 0x08000000, Size: 0x00011328, Max: 0x00080000, ABSOLUTE)

    Base Addr    Size         Type   Attr      Idx    E Section Name        Object

    0x08000000   0x00000130   Data   RO            3    RESET               startup_stm32f10x_hd.o
    0x08000130   0x00000000   Code   RO         1365  * .ARM.Collect$$$$00000000  mc_w.l(entry.o)
    0x08000130   0x00000004   Code   RO         1509    .ARM.Collect$$$$00000001  mc_w.l(entry2.o)
    0x08000134   0x00000004   Code   RO         1512    .ARM.Collect$$$$00000004  mc_w.l(entry5.o)
    0x08000138   0x00000000   Code   RO         1514    .ARM.Collect$$$$00000008  mc_w.l(entry7b.o)
    0x08000138   0x00000000   Code   RO         1516    .ARM.Collect$$$$0000000A  mc_w.l(entry8b.o)
    0x08000138   0x00000008   Code   RO         1517    .ARM.Collect$$$$0000000B  mc_w.l(entry9a.o)
    0x08000140   0x00000000   Code   RO         1519    .ARM.Collect$$$$0000000D  mc_w.l(entry10a.o)
    0x08000140   0x00000000   Code   RO         1521    .ARM.Collect$$$$0000000F  mc_w.l(entry11a.o)
    0x08000140   0x00000004   Code   RO         1510    .ARM.Collect$$$$00002712  mc_w.l(entry2.o)
    0x08000144   0x00000020   Code   RO          586    .emb_text           core_cm3.o
    0x08000164   0x00000024   Code   RO            4    .text               startup_stm32f10x_hd.o
    0x08000188   0x00000690   Code   RO           10    .text               main.o
    0x08000818   0x000003a4   Code   RO          308    .text               stm32f10x_rcc.o
    0x08000bbc   0x00000364   Code   RO          322    .text               stm32f10x_gpio.o
    0x08000f20   0x00000408   Code   RO          334    .text               stm32f10x_usart.o
    0x08001328   0x000000dc   Code   RO          346    .text               misc.o
    0x08001404   0x0000011c   Code   RO          454    .text               stm32f10x_exti.o
    0x08001520   0x000005bc   Code   RO          466    .text               stm32f10x_flash.o
    0x08001adc   0x00000404   Code   RO          490    .text               stm32f10x_i2c.o
    0x08001ee0   0x00000e1a   Code   RO          562    .text               stm32f10x_tim.o
    0x08002cfa   0x00000002   PAD
    0x08002cfc   0x000001e0   Code   RO          596    .text               system_stm32f10x.o
    0x08002edc   0x00000224   Code   RO          614    .text               pid.o
    0x08003100   0x000007f4   Code   RO          648    .text               computemotorcommands.o
    0x080038f4   0x00000318   Code   RO          684    .text               config.o
    0x08003c0c   0x00000268   Code   RO          698    .text               evvgccf.o
    0x08003e74   0x000000f0   Code   RO          720    .text               fasttrig.o
    0x08003f64   0x00000568   Code   RO          738    .text               firstorderfilter.o
    0x080044cc   0x00000da4   Code   RO          756    .text               margahrs.o
    0x08005270   0x0000047c   Code   RO          771    .text               pointingcommands.o
    0x080056ec   0x000000b0   Code   RO          790    .text               stm32_it.o
    0x0800579c   0x00000d44   Code   RO          815    .text               utilities.o
    0x080064e0   0x000001b8   Code   RO          828    .text               drv_cli.o
    0x08006698   0x00000054   Code   RO          848    .text               drv_gpio.o
    0x080066ec   0x000007d0   Code   RO          860    .text               drv_i2c.o
    0x08006ebc   0x00000798   Code   RO          881    .text               drv_pwmmotors.o
    0x08007654   0x00000944   Code   RO          897    .text               drv_rc.o
    0x08007f98   0x00000558   Code   RO          921    .text               drv_system.o
    0x080084f0   0x000000b4   Code   RO          943    .text               drv_timingfunctions.o
    0x080085a4   0x000005ac   Code   RO          958    .text               drv_usart.o
    0x08008b50   0x000001b8   Code   RO          977    .text               ringbuffer.o
    0x08008d08   0x000005b8   Code   RO         1008    .text               mpu6050.o
    0x080092c0   0x000020fc   Code   RO         1027    .text               cli.o
    0x0800b3bc   0x000005e4   Code   RO         1045    .text               clisensor.o
    0x0800b9a0   0x00000678   Code   RO         1074    .text               mpu6050calibration.o
    0x0800c018   0x0000025c   Code   RO         1086    .text               hw_config.o
    0x0800c274   0x00000034   Code   RO         1122    .text               usb_endp.o
    0x0800c2a8   0x000000b0   Code   RO         1149    .text               usb_istr.o
    0x0800c358   0x00000268   Code   RO         1167    .text               usb_prop.o
    0x0800c5c0   0x00000234   Code   RO         1190    .text               usb_pwr.o
    0x0800c7f4   0x00000b50   Code   RO         1209    .text               usb_core.o
    0x0800d344   0x0000003c   Code   RO         1224    .text               usb_init.o
    0x0800d380   0x0000033c   Code   RO         1247    .text               usb_int.o
    0x0800d6bc   0x0000005c   Code   RO         1271    .text               usb_mem.o
    0x0800d718   0x00000808   Code   RO         1283    .text               usb_regs.o
    0x0800df20   0x00000080   Code   RO         1295    .text               usb_sil.o
    0x0800dfa0   0x00000024   Code   RO         1368    .text               mc_w.l(memcpya.o)
    0x0800dfc4   0x00000024   Code   RO         1370    .text               mc_w.l(memseta.o)
    0x0800dfe8   0x0000000e   Code   RO         1372    .text               mc_w.l(strlen.o)
    0x0800dff6   0x000000b0   Code   RO         1411    .text               mf_w.l(fadd.o)
    0x0800e0a6   0x00000064   Code   RO         1413    .text               mf_w.l(fmul.o)
    0x0800e10a   0x0000007c   Code   RO         1415    .text               mf_w.l(fdiv.o)
    0x0800e186   0x0000014e   Code   RO         1417    .text               mf_w.l(dadd.o)
    0x0800e2d4   0x000000e4   Code   RO         1419    .text               mf_w.l(dmul.o)
    0x0800e3b8   0x000000de   Code   RO         1421    .text               mf_w.l(ddiv.o)
    0x0800e496   0x00000012   Code   RO         1423    .text               mf_w.l(fflti.o)
    0x0800e4a8   0x0000000a   Code   RO         1425    .text               mf_w.l(ffltui.o)
    0x0800e4b2   0x00000022   Code   RO         1427    .text               mf_w.l(dflti.o)
    0x0800e4d4   0x00000032   Code   RO         1429    .text               mf_w.l(ffixi.o)
    0x0800e506   0x00000028   Code   RO         1431    .text               mf_w.l(ffixui.o)
    0x0800e52e   0x0000003e   Code   RO         1433    .text               mf_w.l(dfixi.o)
    0x0800e56c   0x00000026   Code   RO         1435    .text               mf_w.l(f2d.o)
    0x0800e592   0x00000038   Code   RO         1437    .text               mf_w.l(d2f.o)
    0x0800e5ca   0x00000002   PAD
    0x0800e5cc   0x00000014   Code   RO         1439    .text               mf_w.l(cfcmple.o)
    0x0800e5e0   0x00000014   Code   RO         1441    .text               mf_w.l(cfrcmple.o)
    0x0800e5f4   0x0000002c   Code   RO         1526    .text               mc_w.l(uidiv.o)
    0x0800e620   0x00000062   Code   RO         1528    .text               mc_w.l(uldiv.o)
    0x0800e682   0x0000001e   Code   RO         1530    .text               mc_w.l(llshl.o)
    0x0800e6a0   0x00000020   Code   RO         1532    .text               mc_w.l(llushr.o)
    0x0800e6c0   0x00000024   Code   RO         1534    .text               mc_w.l(llsshr.o)
    0x0800e6e4   0x00000000   Code   RO         1536    .text               mc_w.l(iusefp.o)
    0x0800e6e4   0x0000006e   Code   RO         1537    .text               mf_w.l(fepilogue.o)
    0x0800e752   0x00000018   Code   RO         1539    .text               mf_w.l(fscalb.o)
    0x0800e76a   0x0000003c   Code   RO         1541    .text               mf_w.l(frnd.o)
    0x0800e7a6   0x000000ba   Code   RO         1543    .text               mf_w.l(depilogue.o)
    0x0800e860   0x000000a2   Code   RO         1545    .text               mf_w.l(dsqrt.o)
    0x0800e902   0x00000002   PAD
    0x0800e904   0x00000088   Code   RO         1547    .text               mf_w.l(drnd.o)
    0x0800e98c   0x00000030   Code   RO         1549    .text               mf_w.l(dfixul.o)
    0x0800e9bc   0x00000030   Code   RO         1551    .text               mf_w.l(cdcmple.o)
    0x0800e9ec   0x00000030   Code   RO         1553    .text               mf_w.l(cdrcmple.o)
    0x0800ea1c   0x00000024   Code   RO         1559    .text               mc_w.l(init.o)
    0x0800ea40   0x0000005e   Code   RO         1563    .text               mf_w.l(fsqrt.o)
    0x0800ea9e   0x0000002e   Code   RO         1565    .text               mf_w.l(dscalb.o)
    0x0800eacc   0x0000001a   Code   RO         1567    .text               mf_w.l(dfltui.o)
    0x0800eae6   0x00000056   Code   RO         1577    .text               mc_w.l(__dczerorl2.o)
    0x0800eb3c   0x00000024   Code   RO         1382    i.__0vsnprintf      mc_w.l(printfa.o)
    0x0800eb60   0x00000028   Code   RO         1555    i.__ARM_fpclassify  m_ws.l(fpclassify.o)
    0x0800eb88   0x00000026   Code   RO         1470    i.__ARM_fpclassifyf  m_ws.l(fpclassifyf.o)
    0x0800ebae   0x00000002   PAD
    0x0800ebb0   0x00000008   Code   RO         1404    i.__aeabi_errno_addr  mc_w.l(errno.o)
    0x0800ebb8   0x00000388   Code   RO         1487    i.__ieee754_rem_pio2  m_ws.l(rred.o)
    0x0800ef40   0x000000fc   Code   RO         1453    i.__kernel_cos      m_ws.l(cos_i.o)
    0x0800f03c   0x000000aa   Code   RO         1557    i.__kernel_poly     m_ws.l(poly.o)
    0x0800f0e6   0x00000002   PAD
    0x0800f0e8   0x000000ec   Code   RO         1495    i.__kernel_sin      m_ws.l(sin_i.o)
    0x0800f1d4   0x00000006   Code   RO         1457    i.__mathlib_dbl_infnan  m_ws.l(dunder.o)
    0x0800f1da   0x00000004   Code   RO         1458    i.__mathlib_dbl_infnan2  m_ws.l(dunder.o)
    0x0800f1de   0x0000000c   Code   RO         1459    i.__mathlib_dbl_invalid  m_ws.l(dunder.o)
    0x0800f1ea   0x00000002   PAD
    0x0800f1ec   0x00000010   Code   RO         1462    i.__mathlib_dbl_underflow  m_ws.l(dunder.o)
    0x0800f1fc   0x00000006   Code   RO         1473    i.__mathlib_flt_infnan  m_ws.l(funder.o)
    0x0800f202   0x00000004   Code   RO         1474    i.__mathlib_flt_infnan2  m_ws.l(funder.o)
    0x0800f206   0x00000008   Code   RO         1475    i.__mathlib_flt_invalid  m_ws.l(funder.o)
    0x0800f20e   0x0000000a   Code   RO         1478    i.__mathlib_flt_underflow  m_ws.l(funder.o)
    0x0800f218   0x00000168   Code   RO         1492    i.__mathlib_rredf2  m_ws.l(rredf.o)
    0x0800f380   0x0000000e   Code   RO         1571    i.__scatterload_copy  mc_w.l(handlers.o)
    0x0800f38e   0x00000002   Code   RO         1572    i.__scatterload_null  mc_w.l(handlers.o)
    0x0800f390   0x0000000e   Code   RO         1573    i.__scatterload_zeroinit  mc_w.l(handlers.o)
    0x0800f39e   0x00000002   PAD
    0x0800f3a0   0x0000000c   Code   RO         1406    i.__set_errno       mc_w.l(errno.o)
    0x0800f3ac   0x00000164   Code   RO         1384    i._fp_digits        mc_w.l(printfa.o)
    0x0800f510   0x000006dc   Code   RO         1385    i._printf_core      mc_w.l(printfa.o)
    0x0800fbec   0x00000024   Code   RO         1386    i._printf_post_padding  mc_w.l(printfa.o)
    0x0800fc10   0x0000002e   Code   RO         1387    i._printf_pre_padding  mc_w.l(printfa.o)
    0x0800fc3e   0x00000016   Code   RO         1388    i._snputc           mc_w.l(printfa.o)
    0x0800fc54   0x00000124   Code   RO         1308    i.asinf             m_ws.l(asinf.o)
    0x0800fd78   0x00000220   Code   RO         1444    i.atan              m_ws.l(atan.o)
    0x0800ff98   0x00000180   Code   RO         1316    i.atan2             m_ws.l(atan2.o)
    0x08010118   0x0000025c   Code   RO         1324    i.atan2f            m_ws.l(atan2f.o)
    0x08010374   0x0000017c   Code   RO         1332    i.cosf              m_ws.l(cosf.o)
    0x080104f0   0x00000094   Code   RO         1339    i.round             m_ws.l(round.o)
    0x08010584   0x000000a0   Code   RO         1342    i.sin               m_ws.l(sin.o)
    0x08010624   0x00000188   Code   RO         1350    i.sinf              m_ws.l(sinf.o)
    0x080107ac   0x0000004c   Code   RO         1358    i.sqrt              m_ws.l(sqrt.o)
    0x080107f8   0x0000002c   Code   RO         1502    i.sqrtf             m_ws.l(sqrtf.o)
    0x08010824   0x000000b1   Data   RO         1109    .constdata          usb_desc.o
    0x080108d5   0x00000003   PAD
    0x080108d8   0x00000098   Data   RO         1445    .constdata          m_ws.l(atan.o)
    0x08010970   0x00000030   Data   RO         1454    .constdata          m_ws.l(cos_i.o)
    0x080109a0   0x00000008   Data   RO         1486    .constdata          m_ws.l(qnan.o)
    0x080109a8   0x000000c8   Data   RO         1489    .constdata          m_ws.l(rred.o)
    0x08010a70   0x00000020   Data   RO         1493    .constdata          m_ws.l(rredf.o)
    0x08010a90   0x00000028   Data   RO         1496    .constdata          m_ws.l(sin_i.o)
    0x08010ab8   0x00000637   Data   RO         1028    .conststring        cli.o
    0x080110ef   0x00000001   PAD
    0x080110f0   0x00000218   Data   RO         1046    .conststring        clisensor.o
    0x08011308   0x00000020   Data   RO         1569    Region$$Table       anon$$obj.o


    Execution Region RW_IRAM1 (Base: 0x20000000, Size: 0x00003ed0, Max: 0x00010000, ABSOLUTE, COMPRESSED[0x0000010c])

    Base Addr    Size         Type   Attr      Idx    E Section Name        Object

    0x20000000   0x00000019   Data   RW           12    .data               main.o
    0x20000019   0x00000014   Data   RW          309    .data               stm32f10x_rcc.o
    0x2000002d   0x00000003   PAD
    0x20000030   0x00000014   Data   RW          597    .data               system_stm32f10x.o
    0x20000044   0x00000008   Data   RW          615    .data               pid.o
    0x2000004c   0x00000040   Data   RW          650    .data               computemotorcommands.o
    0x2000008c   0x00000001   Data   RW          685    .data               config.o
    0x2000008d   0x00000003   PAD
    0x20000090   0x00000084   Data   RW          757    .data               margahrs.o
    0x20000114   0x00000006   Data   RW          773    .data               pointingcommands.o
    0x2000011a   0x00000002   PAD
    0x2000011c   0x00000004   Data   RW          816    .data               utilities.o
    0x20000120   0x00000008   Data   RW          830    .data               drv_cli.o
    0x20000128   0x00000017   Data   RW          861    .data               drv_i2c.o
    0x2000013f   0x00000001   PAD
    0x20000140   0x00000004   Data   RW          874    .data               drv_irq.o
    0x20000144   0x0000000d   Data   RW          883    .data               drv_pwmmotors.o
    0x20000151   0x00000003   PAD
    0x20000154   0x0000003a   Data   RW          899    .data               drv_rc.o
    0x2000018e   0x00000002   PAD
    0x20000190   0x0000006d   Data   RW          922    .data               drv_system.o
    0x200001fd   0x00000003   PAD
    0x20000200   0x0000000c   Data   RW          960    .data               drv_usart.o
    0x2000020c   0x00000008   Data   RW          991    .data               hmc5883.o
    0x20000214   0x00000026   Data   RW         1010    .data               mpu6050.o
    0x2000023a   0x00000040   Data   RW         1029    .data               cli.o
    0x2000027a   0x00000002   PAD
    0x2000027c   0x00000015   Data   RW         1088    .data               hw_config.o
    0x20000291   0x0000001a   Data   RW         1110    .data               usb_desc.o
    0x200002ab   0x00000001   PAD
    0x200002ac   0x00000004   Data   RW         1123    .data               usb_endp.o
    0x200002b0   0x00000044   Data   RW         1150    .data               usb_istr.o
    0x200002f4   0x00000098   Data   RW         1168    .data               usb_prop.o
    0x2000038c   0x0000000c   Data   RW         1192    .data               usb_pwr.o
    0x20000398   0x00000003   Data   RW         1210    .data               usb_core.o
    0x2000039b   0x00000001   PAD
    0x2000039c   0x00000014   Data   RW         1226    .data               usb_init.o
    0x200003b0   0x00000004   Data   RW         1248    .data               usb_int.o
    0x200003b4   0x00000004   Data   RW         1407    .data               mc_w.l(errno.o)
    0x200003b8   0x00000180   Zero   RW           11    .bss                main.o
    0x20000538   0x0000006c   Zero   RW          649    .bss                computemotorcommands.o
    0x200005a4   0x0000000c   Zero   RW          699    .bss                evvgccf.o
    0x200005b0   0x00002000   Zero   RW          721    .bss                fasttrig.o
    0x200025b0   0x00000406   Zero   RW          739    .bss                firstorderfilter.o
    0x200029b6   0x00000002   PAD
    0x200029b8   0x00000018   Zero   RW          772    .bss                pointingcommands.o
    0x200029d0   0x00000410   Zero   RW          829    .bss                drv_cli.o
    0x20002de0   0x00000048   Zero   RW          882    .bss                drv_pwmmotors.o
    0x20002e28   0x00000060   Zero   RW          898    .bss                drv_rc.o
    0x20002e88   0x000000f0   Zero   RW          944    .bss                drv_timingfunctions.o
    0x20002f78   0x00000a9e   Zero   RW          959    .bss                drv_usart.o
    0x20003a16   0x00000002   PAD
    0x20003a18   0x00000036   Zero   RW         1009    .bss                mpu6050.o
    0x20003a4e   0x00000040   Zero   RW         1087    .bss                hw_config.o
    0x20003a8e   0x00000002   PAD
    0x20003a90   0x00000020   Zero   RW         1191    .bss                usb_pwr.o
    0x20003ab0   0x0000001c   Zero   RW         1225    .bss                usb_init.o
    0x20003acc   0x00000004   PAD
    0x20003ad0   0x00000400   Zero   RW            1    STACK               startup_stm32f10x_hd.o


==============================================================================

Image component sizes


      Code (inc. data)   RO Data    RW Data    ZI Data      Debug   Object Name

      8444       3456       1591         64          0       4211   cli.o
      1508        668        536          0          0        964   clisensor.o
      2036        184          0         64        108       5632   computemotorcommands.o
       792         80          0          1          0       1596   config.o
        32          0          0          0          0        588   core_cm3.o
       440         36          0          8       1040       3696   drv_cli.o
        84          4          0          0          0        575   drv_gpio.o
      2000        102          0         23          0       4853   drv_i2c.o
         0          0          0          4          0        332   drv_irq.o
      1944        126          0         13         72       7644   drv_pwmmotors.o
      2372        180          0         58         96      19817   drv_rc.o
      1368        470          0        109          0      20665   drv_system.o
       180         10          0          0        240       1736   drv_timingfunctions.o
      1452         68          0         12       2718       6286   drv_usart.o
       616         32          0          0         12       1818   evvgccf.o
       240         14          0          0       8192       1552   fasttrig.o
      1384         34          0          0       1030       3404   firstorderfilter.o
         0          0          0          8          0       1145   hmc5883.o
       604         54          0         21         64       5985   hw_config.o
      1680        256          0         25        384     287906   main.o
      3492        296          0        132          0       4150   margahrs.o
       220         22          0          0          0       1893   misc.o
      1464         78          0         38         54       4556   mpu6050.o
      1656        330          0          0          0       1181   mpu6050calibration.o
       548         16          0          8          0       3178   pid.o
      1148         64          0          6         24       1818   pointingcommands.o
       440          0          0          0          0       2766   ringbuffer.o
        36          8        304          0       1024        896   startup_stm32f10x_hd.o
       176        108          0          0          0       2030   stm32_it.o
       284         10          0          0          0       2355   stm32f10x_exti.o
      1468         34          0          0          0       8306   stm32f10x_flash.o
       868         38          0          0          0       6009   stm32f10x_gpio.o
      1028         16          0          0          0       9323   stm32f10x_i2c.o
       932         36          0         20          0       9072   stm32f10x_rcc.o
      3610         88          0          0          0      22940   stm32f10x_tim.o
      1032         22          0          0          0       8552   stm32f10x_usart.o
       480         38          0         20          0       2007   system_stm32f10x.o
         0          0          0          0          0        564   usart1.o
      2896        114          0          3          0       8435   usb_core.o
         0          0        177         26          0       1219   usb_desc.o
        52         14          0          4          0       1527   usb_endp.o
        60         24          0         20         28       4518   usb_init.o
       828         34          0          4          0       2227   usb_int.o
       176         22          0         68          0       1571   usb_istr.o
        92          6          0          0          0       1630   usb_mem.o
       616         44          0        152          0       7803   usb_prop.o
       564         40          0         12         32       3243   usb_pwr.o
      2056         20          0          0          0      12205   usb_regs.o
       128          8          0          0          0       1694   usb_sil.o
      3396         42          0          4          0       4860   utilities.o

    ----------------------------------------------------------------------
     56924       7346       2644        948      15128     522933   Object Totals
         0          0         32          0          0          0   (incl. Generated)
         2          0          4         21         10          0   (incl. Padding)

    ----------------------------------------------------------------------

      Code (inc. data)   RO Data    RW Data    ZI Data      Debug   Library Member Name

       292         38          0          0          0        120   asinf.o
       544         70        152          0          0        124   atan.o
       384         38          0          0          0        144   atan2.o
       604         76          0          0          0        116   atan2f.o
       252         22         48          0          0        124   cos_i.o
       380         52          0          0          0        124   cosf.o
        38          6          0          0          0        272   dunder.o
        40          0          0          0          0         68   fpclassify.o
        38          0          0          0          0         68   fpclassifyf.o
        28          0          0          0          0        272   funder.o
       170          0          0          0          0         96   poly.o
         0          0          8          0          0          0   qnan.o
       148         12          0          0          0         88   round.o
       904         76        200          0          0        140   rred.o
       360         16         32          0          0         88   rredf.o
       160         10          0          0          0        108   sin.o
       236         12         40          0          0        128   sin_i.o
       392         54          0          0          0        124   sinf.o
        76          0          0          0          0         84   sqrt.o
        44          0          0          0          0         80   sqrtf.o
        86          0          0          0          0          0   __dczerorl2.o
         0          0          0          0          0          0   entry.o
         0          0          0          0          0          0   entry10a.o
         0          0          0          0          0          0   entry11a.o
         8          4          0          0          0          0   entry2.o
         4          0          0          0          0          0   entry5.o
         0          0          0          0          0          0   entry7b.o
         0          0          0          0          0          0   entry8b.o
         8          4          0          0          0          0   entry9a.o
        20         10          0          4          0        136   errno.o
        30          0          0          0          0          0   handlers.o
        36          8          0          0          0         68   init.o
         0          0          0          0          0          0   iusefp.o
        30          0          0          0          0         68   llshl.o
        36          0          0          0          0         68   llsshr.o
        32          0          0          0          0         68   llushr.o
        36          0          0          0          0         68   memcpya.o
        36          0          0          0          0        108   memseta.o
      2252         84          0          0          0        508   printfa.o
        14          0          0          0          0         68   strlen.o
        44          0          0          0          0         80   uidiv.o
        98          0          0          0          0         92   uldiv.o
        48          0          0          0          0         68   cdcmple.o
        48          0          0          0          0         68   cdrcmple.o
        20          0          0          0          0         68   cfcmple.o
        20          0          0          0          0         68   cfrcmple.o
        56          0          0          0          0         88   d2f.o
       334          0          0          0          0        148   dadd.o
       222          0          0          0          0        100   ddiv.o
       186          0          0          0          0        176   depilogue.o
        62          0          0          0          0         80   dfixi.o
        48          0          0          0          0         68   dfixul.o
        34          0          0          0          0         76   dflti.o
        26          0          0          0          0         76   dfltui.o
       228          0          0          0          0         96   dmul.o
       136          4          0          0          0         92   drnd.o
        46          0          0          0          0         80   dscalb.o
       162          0          0          0          0        100   dsqrt.o
        38          0          0          0          0         68   f2d.o
       176          0          0          0          0        140   fadd.o
       124          0          0          0          0         88   fdiv.o
       110          0          0          0          0        168   fepilogue.o
        50          0          0          0          0         68   ffixi.o
        40          0          0          0          0         68   ffixui.o
        18          0          0          0          0         68   fflti.o
        10          0          0          0          0         68   ffltui.o
       100          0          0          0          0         76   fmul.o
        60          0          0          0          0         76   frnd.o
        24          0          0          0          0         68   fscalb.o
        94          0          0          0          0         96   fsqrt.o

    ----------------------------------------------------------------------
     10392        596        480          4          0       6204   Library Totals
        12          0          0          0          0          0   (incl. Padding)

    ----------------------------------------------------------------------

      Code (inc. data)   RO Data    RW Data    ZI Data      Debug   Library Name

      5090        482        480          0          0       2368   m_ws.l
      2770        110          0          4          0       1332   mc_w.l
      2520          4          0          0          0       2504   mf_w.l

    ----------------------------------------------------------------------
     10392        596        480          4          0       6204   Library Totals

    ----------------------------------------------------------------------

==============================================================================


      Code (inc. data)   RO Data    RW Data    ZI Data      Debug   

     67316       7942       3124        952      15128     521465   Grand Totals
     67316       7942       3124        268      15128     521465   ELF Image Totals (compressed)
     67316       7942       3124        268          0          0   ROM Totals

==============================================================================

    Total RO  Size (Code + RO Data)                70440 (  68.79kB)
    Total RW  Size (RW Data + ZI Data)             16080 (  15.70kB)
    Total ROM Size (Code + RO Data + RW Data)      70708 (  69.05kB)

==============================================================================

